Archive member included to satisfy reference by file (symbol)

c:/vsarm/armcc/102021~1.10/bin/../lib/gcc/arm-none-eabi/10.3.1/thumb/v6-m/nofp\libgcc.a(_dvmd_tls.o)
                              CMakeFiles/main.dir/C_/VSARM/sdk/pico/pico-sdk/src/rp2_common/pico_divider/divider.S.obj (__aeabi_idiv0)
c:/vsarm/armcc/102021~1.10/bin/../lib/gcc/arm-none-eabi/10.3.1/../../../../arm-none-eabi/lib/thumb/v6-m/nofp\libc.a(lib_a-atof.o)
                              CMakeFiles/main.dir/main.c.obj (atof)
c:/vsarm/armcc/102021~1.10/bin/../lib/gcc/arm-none-eabi/10.3.1/../../../../arm-none-eabi/lib/thumb/v6-m/nofp\libc.a(lib_a-calloc.o)
                              CMakeFiles/main.dir/C_/VSARM/sdk/pico/pico-sdk/src/rp2_common/pico_malloc/pico_malloc.c.obj (calloc)
c:/vsarm/armcc/102021~1.10/bin/../lib/gcc/arm-none-eabi/10.3.1/../../../../arm-none-eabi/lib/thumb/v6-m/nofp\libc.a(lib_a-callocr.o)
                              c:/vsarm/armcc/102021~1.10/bin/../lib/gcc/arm-none-eabi/10.3.1/../../../../arm-none-eabi/lib/thumb/v6-m/nofp\libc.a(lib_a-calloc.o) (_calloc_r)
c:/vsarm/armcc/102021~1.10/bin/../lib/gcc/arm-none-eabi/10.3.1/../../../../arm-none-eabi/lib/thumb/v6-m/nofp\libc.a(lib_a-errno.o)
                              c:/vsarm/armcc/102021~1.10/bin/../lib/gcc/arm-none-eabi/10.3.1/../../../../arm-none-eabi/lib/thumb/v6-m/nofp\libc.a(lib_a-callocr.o) (__errno)
c:/vsarm/armcc/102021~1.10/bin/../lib/gcc/arm-none-eabi/10.3.1/../../../../arm-none-eabi/lib/thumb/v6-m/nofp\libc.a(lib_a-impure.o)
                              c:/vsarm/armcc/102021~1.10/bin/../lib/gcc/arm-none-eabi/10.3.1/../../../../arm-none-eabi/lib/thumb/v6-m/nofp\libc.a(lib_a-calloc.o) (_impure_ptr)
c:/vsarm/armcc/102021~1.10/bin/../lib/gcc/arm-none-eabi/10.3.1/../../../../arm-none-eabi/lib/thumb/v6-m/nofp\libc.a(lib_a-init.o)
                              c:/vsarm/armcc/102021~1.10/bin/../lib/gcc/arm-none-eabi/10.3.1/../../../../arm-none-eabi/lib/thumb/v6-m/nofp/crt0.o (__libc_init_array)
c:/vsarm/armcc/102021~1.10/bin/../lib/gcc/arm-none-eabi/10.3.1/../../../../arm-none-eabi/lib/thumb/v6-m/nofp\libc.a(lib_a-malloc.o)
                              CMakeFiles/main.dir/C_/VSARM/sdk/pico/pico-sdk/src/rp2_common/pico_malloc/pico_malloc.c.obj (malloc)
c:/vsarm/armcc/102021~1.10/bin/../lib/gcc/arm-none-eabi/10.3.1/../../../../arm-none-eabi/lib/thumb/v6-m/nofp\libc.a(lib_a-mallocr.o)
                              c:/vsarm/armcc/102021~1.10/bin/../lib/gcc/arm-none-eabi/10.3.1/../../../../arm-none-eabi/lib/thumb/v6-m/nofp\libc.a(lib_a-callocr.o) (_malloc_r)
c:/vsarm/armcc/102021~1.10/bin/../lib/gcc/arm-none-eabi/10.3.1/../../../../arm-none-eabi/lib/thumb/v6-m/nofp\libc.a(lib_a-mlock.o)
                              c:/vsarm/armcc/102021~1.10/bin/../lib/gcc/arm-none-eabi/10.3.1/../../../../arm-none-eabi/lib/thumb/v6-m/nofp\libc.a(lib_a-mallocr.o) (__malloc_lock)
c:/vsarm/armcc/102021~1.10/bin/../lib/gcc/arm-none-eabi/10.3.1/../../../../arm-none-eabi/lib/thumb/v6-m/nofp\libc.a(lib_a-sbrkr.o)
                              c:/vsarm/armcc/102021~1.10/bin/../lib/gcc/arm-none-eabi/10.3.1/../../../../arm-none-eabi/lib/thumb/v6-m/nofp\libc.a(lib_a-mallocr.o) (_sbrk_r)
c:/vsarm/armcc/102021~1.10/bin/../lib/gcc/arm-none-eabi/10.3.1/../../../../arm-none-eabi/lib/thumb/v6-m/nofp\libc.a(lib_a-scanf.o)
                              CMakeFiles/main.dir/main.c.obj (scanf)
c:/vsarm/armcc/102021~1.10/bin/../lib/gcc/arm-none-eabi/10.3.1/../../../../arm-none-eabi/lib/thumb/v6-m/nofp\libc.a(lib_a-strlen-stub.o)
                              CMakeFiles/main.dir/C_/VSARM/sdk/pico/pico-sdk/src/rp2_common/pico_stdio/stdio.c.obj (strlen)
c:/vsarm/armcc/102021~1.10/bin/../lib/gcc/arm-none-eabi/10.3.1/../../../../arm-none-eabi/lib/thumb/v6-m/nofp\libc.a(lib_a-strtod.o)
                              c:/vsarm/armcc/102021~1.10/bin/../lib/gcc/arm-none-eabi/10.3.1/../../../../arm-none-eabi/lib/thumb/v6-m/nofp\libc.a(lib_a-atof.o) (strtod)
c:/vsarm/armcc/102021~1.10/bin/../lib/gcc/arm-none-eabi/10.3.1/../../../../arm-none-eabi/lib/thumb/v6-m/nofp\libc.a(lib_a-vfscanf.o)
                              c:/vsarm/armcc/102021~1.10/bin/../lib/gcc/arm-none-eabi/10.3.1/../../../../arm-none-eabi/lib/thumb/v6-m/nofp\libc.a(lib_a-scanf.o) (_vfscanf_r)
c:/vsarm/armcc/102021~1.10/bin/../lib/gcc/arm-none-eabi/10.3.1/../../../../arm-none-eabi/lib/thumb/v6-m/nofp\libc.a(lib_a-ctype_.o)
                              c:/vsarm/armcc/102021~1.10/bin/../lib/gcc/arm-none-eabi/10.3.1/../../../../arm-none-eabi/lib/thumb/v6-m/nofp\libc.a(lib_a-vfscanf.o) (_ctype_)
c:/vsarm/armcc/102021~1.10/bin/../lib/gcc/arm-none-eabi/10.3.1/../../../../arm-none-eabi/lib/thumb/v6-m/nofp\libc.a(lib_a-findfp.o)
                              c:/vsarm/armcc/102021~1.10/bin/../lib/gcc/arm-none-eabi/10.3.1/../../../../arm-none-eabi/lib/thumb/v6-m/nofp\libc.a(lib_a-vfscanf.o) (__sinit)
c:/vsarm/armcc/102021~1.10/bin/../lib/gcc/arm-none-eabi/10.3.1/../../../../arm-none-eabi/lib/thumb/v6-m/nofp\libc.a(lib_a-fread.o)
[...]
Memory Configuration

Name             Origin             Length             Attributes
FLASH            0x10000000         0x00200000         xr
RAM              0x20000000         0x00040000         xrw
SCRATCH_X        0x20040000         0x00001000         xrw
SCRATCH_Y        0x20041000         0x00001000         xrw
*default*        0x00000000         0xffffffff

Linker script and memory map

LOAD c:/vsarm/armcc/102021~1.10/bin/../lib/gcc/arm-none-eabi/10.3.1/thumb/v6-m/nofp/crti.o
LOAD c:/vsarm/armcc/102021~1.10/bin/../lib/gcc/arm-none-eabi/10.3.1/thumb/v6-m/nofp/crtbegin.o
LOAD c:/vsarm/armcc/102021~1.10/bin/../lib/gcc/arm-none-eabi/10.3.1/../../../../arm-none-eabi/lib/thumb/v6-m/nofp/crt0.o

.flash_begin    0x10000000        0x0
                0x10000000                __flash_binary_start = .

.boot2          0x10000000      0x100
                0x10000000                __boot2_start__ = .
 *(.boot2)
 .boot2         0x10000000      0x100 C:\Users\THANHT~1\AppData\Local\Temp\ccAetqRd.o
                0x10000100                __boot2_end__ = .
                0x00000001                ASSERT (((__boot2_end__ - __boot2_start__) == 0x100), ERROR: Pico second stage bootloader must be 256 bytes in size)

.text           0x10000100     0xd9d8
                0x10000100                __logical_binary_start = .
 *(.vectors)
 .vectors       0x10000100       0xd4 CMakeFiles/main.dir/C_/VSARM/sdk/pico/pico-sdk/src/rp2_common/pico_standard_link/crt0.S.obj
                0x10000100                __VECTOR_TABLE
                0x10000100                __vectors
                0x100001c0                isr_invalid
                0x100001c0                __default_isrs_start
                0x100001c2                isr_nmi
                0x100001c4                isr_hardfault
                0x100001c6                isr_svcall
                0x100001c8                isr_pendsv
                0x100001ca                isr_systick
                0x100001cc                isr_irq23
                0x100001cc                isr_irq18
                0x100001cc                isr_irq11
                0x100001cc                isr_irq28
                0x100001cc                isr_irq19
                0x100001cc                isr_irq0
                0x100001cc                isr_irq6
                0x100001cc                isr_irq5
                0x100001cc                isr_irq12
                0x100001cc                isr_irq22
                0x100001cc                isr_irq31
                0x100001cc                isr_irq17
                0x100001cc                isr_irq27
                0x100001cc                isr_irq30
                0x100001cc                isr_irq2
                0x100001cc                isr_irq10
                0x100001cc                isr_irq8
                0x100001cc                isr_irq24
                0x100001cc                isr_irq1
                0x100001cc                isr_irq7
                0x100001cc                isr_irq21
                0x100001cc                isr_irq20
                0x100001cc                isr_irq15
                0x100001cc                isr_irq25
                0x100001cc                isr_irq13
                0x100001cc                __unhandled_user_irq
                0x100001cc                isr_irq4
                0x100001cc                isr_irq16
                0x100001cc                isr_irq29
                0x100001cc                isr_irq26
                0x100001cc                __default_isrs_end
                0x100001cc                isr_irq3
                0x100001cc                isr_irq14
                0x100001cc                isr_irq9
                0x100001d2                unhandled_user_irq_num_in_r0
 *(.binary_info_header)
 .binary_info_header
                0x100001d4       0x14 CMakeFiles/main.dir/C_/VSARM/sdk/pico/pico-sdk/src/rp2_common/pico_standard_link/crt0.S.obj
                0x100001e8                __binary_info_header_end = .
 *(.reset)
 .reset         0x100001e8       0xa8 CMakeFiles/main.dir/C_/VSARM/sdk/pico/pico-sdk/src/rp2_common/pico_standard_link/crt0.S.obj
                0x100001e8                _entry_point
                0x10000266                __get_current_exception
 .reset         0x10000290       0x30 CMakeFiles/main.dir/C_/VSARM/sdk/pico/pico-sdk/src/rp2_common/pico_standard_link/binary_info.c.obj
 *(.init)
 .init          0x100002c0        0x4 c:/vsarm/armcc/102021~1.10/bin/../lib/gcc/arm-none-eabi/10.3.1/thumb/v6-m/nofp/crti.o
                0x100002c0                _init
 *(EXCLUDE_FILE(*libm.a: *libc.a:*lib_a-mem*.o *libgcc.a:) .text*)
 .text          0x100002c4       0x48 c:/vsarm/armcc/102021~1.10/bin/../lib/gcc/arm-none-eabi/10.3.1/thumb/v6-m/nofp/crtbegin.o
 .text.repeating_timer_callback
                0x1000030c      0x248 CMakeFiles/main.dir/main.c.obj
                0x1000030c                repeating_timer_callback
 .text.buffer_received
                0x10000554       0xbc CMakeFiles/main.dir/main.c.obj
                0x10000554                buffer_received
 .text.startup.main
                0x10000610      0x1d4 CMakeFiles/main.dir/main.c.obj
                0x10000610                main
 .text.gpio_set_function
                0x100007e4       0x30 CMakeFiles/main.dir/C_/VSARM/sdk/pico/pico-sdk/src/rp2_common/hardware_gpio/gpio.c.obj
                0x100007e4                gpio_set_function
 .text.gpio_set_pulls
                0x10000814       0x30 CMakeFiles/main.dir/C_/VSARM/sdk/pico/pico-sdk/src/rp2_common/hardware_gpio/gpio.c.obj
                0x10000814                gpio_set_pulls
 .text.gpio_init
                0x10000844       0x3c CMakeFiles/main.dir/C_/VSARM/sdk/pico/pico-sdk/src/rp2_common/hardware_gpio/gpio.c.obj
                0x10000844                gpio_init
 .text.hw_claim_lock
                0x10000880       0x18 CMakeFiles/main.dir/C_/VSARM/sdk/pico/pico-sdk/src/rp2_common/hardware_claim/claim.c.obj
                0x10000880                hw_claim_lock
 .text.hw_claim_unlock
                0x10000898       0x14 CMakeFiles/main.dir/C_/VSARM/sdk/pico/pico-sdk/src/rp2_common/hardware_claim/claim.c.obj
                0x10000898                hw_claim_unlock
 .text.hw_claim_or_assert
                0x100008ac       0x44 CMakeFiles/main.dir/C_/VSARM/sdk/pico/pico-sdk/src/rp2_common/hardware_claim/claim.c.obj
                0x100008ac                hw_claim_or_assert
 .text.hw_claim_unused_from_range
                0x100008f0       0x9c CMakeFiles/main.dir/C_/VSARM/sdk/pico/pico-sdk/src/rp2_common/hardware_claim/claim.c.obj
                0x100008f0                hw_claim_unused_from_range
 .text.running_on_fpga
                0x1000098c       0x10 CMakeFiles/main.dir/C_/VSARM/sdk/pico/pico-sdk/src/rp2_common/pico_platform/platform.c.obj
                0x1000098c                running_on_fpga
 .text.spin_locks_reset
                0x1000099c       0x1c CMakeFiles/main.dir/C_/VSARM/sdk/pico/pico-sdk/src/rp2_common/hardware_sync/sync.c.obj
                0x1000099c                spin_locks_reset
 .text.next_striped_spin_lock_num
                0x100009b8       0x18 CMakeFiles/main.dir/C_/VSARM/sdk/pico/pico-sdk/src/rp2_common/hardware_sync/sync.c.obj
                0x100009b8                next_striped_spin_lock_num
 .text.spin_lock_claim_unused
                0x100009d0       0x20 CMakeFiles/main.dir/C_/VSARM/sdk/pico/pico-sdk/src/rp2_common/hardware_sync/sync.c.obj
                0x100009d0                spin_lock_claim_unused
 .text.uart_init
                0x100009f0       0xe0 CMakeFiles/main.dir/C_/VSARM/sdk/pico/pico-sdk/src/rp2_common/hardware_uart/uart.c.obj
                0x100009f0                uart_init
 .text.timer_pool_entry_comparator
                0x10000ad0       0x34 CMakeFiles/main.dir/C_/VSARM/sdk/pico/pico-sdk/src/common/pico_time/time.c.obj
                0x10000ad0                timer_pool_entry_comparator
 .text.repeating_timer_callback
                0x10000b04       0x1c CMakeFiles/main.dir/C_/VSARM/sdk/pico/pico-sdk/src/common/pico_time/time.c.obj
 .text.sleep_until_callback
                0x10000b20       0x30 CMakeFiles/main.dir/C_/VSARM/sdk/pico/pico-sdk/src/common/pico_time/time.c.obj
 .text.add_alarm_under_lock.isra.0
                0x10000b50      0x100 CMakeFiles/main.dir/C_/VSARM/sdk/pico/pico-sdk/src/common/pico_time/time.c.obj
 .text.alarm_pool_alarm_callback
                0x10000c50      0x1c8 CMakeFiles/main.dir/C_/VSARM/sdk/pico/pico-sdk/src/common/pico_time/time.c.obj
 .text.alarm_pool_add_alarm_at.constprop.0
                0x10000e18      0x11c CMakeFiles/main.dir/C_/VSARM/sdk/pico/pico-sdk/src/common/pico_time/time.c.obj
 .text.alarm_pool_init_default
                0x10000f34       0x64 CMakeFiles/main.dir/C_/VSARM/sdk/pico/pico-sdk/src/common/pico_time/time.c.obj
                0x10000f34                alarm_pool_init_default
 .text.alarm_pool_get_default
                0x10000f98        0x8 CMakeFiles/main.dir/C_/VSARM/sdk/pico/pico-sdk/src/common/pico_time/time.c.obj
                0x10000f98                alarm_pool_get_default
 .text.alarm_pool_add_alarm_at
                0x10000fa0      0x194 CMakeFiles/main.dir/C_/VSARM/sdk/pico/pico-sdk/src/common/pico_time/time.c.obj
                0x10000fa0                alarm_pool_add_alarm_at
 .text.alarm_pool_add_repeating_timer_us
                0x10001134      0x22c CMakeFiles/main.dir/C_/VSARM/sdk/pico/pico-sdk/src/common/pico_time/time.c.obj
                0x10001134                alarm_pool_add_repeating_timer_us
 .text.sleep_until
                0x10001360       0xac CMakeFiles/main.dir/C_/VSARM/sdk/pico/pico-sdk/src/common/pico_time/time.c.obj
                0x10001360                sleep_until
 .text.sleep_ms
                0x1000140c       0x38 CMakeFiles/main.dir/C_/VSARM/sdk/pico/pico-sdk/src/common/pico_time/time.c.obj
                0x1000140c                sleep_ms
 .text.best_effort_wfe_or_timeout
                0x10001444       0xd4 CMakeFiles/main.dir/C_/VSARM/sdk/pico/pico-sdk/src/common/pico_time/time.c.obj
                0x10001444                best_effort_wfe_or_timeout
 .text.hardware_alarm_irq_handler
                0x10001518       0xb8 CMakeFiles/main.dir/C_/VSARM/sdk/pico/pico-sdk/src/rp2_common/hardware_timer/timer.c.obj
 .text.hardware_alarm_claim
                0x100015d0       0x18 CMakeFiles/main.dir/C_/VSARM/sdk/pico/pico-sdk/src/rp2_common/hardware_timer/timer.c.obj
                0x100015d0                hardware_alarm_claim
 .text.time_us_64
                0x100015e8       0x14 CMakeFiles/main.dir/C_/VSARM/sdk/pico/pico-sdk/src/rp2_common/hardware_timer/timer.c.obj
                0x100015e8                time_us_64
 .text.busy_wait_us
                0x100015fc       0x54 CMakeFiles/main.dir/C_/VSARM/sdk/pico/pico-sdk/src/rp2_common/hardware_timer/timer.c.obj
                0x100015fc                busy_wait_us
 .text.busy_wait_until
                0x10001650       0x20 CMakeFiles/main.dir/C_/VSARM/sdk/pico/pico-sdk/src/rp2_common/hardware_timer/timer.c.obj
                0x10001650                busy_wait_until
 .text.hardware_alarm_set_callback
                0x10001670       0x8c CMakeFiles/main.dir/C_/VSARM/sdk/pico/pico-sdk/src/rp2_common/hardware_timer/timer.c.obj
                0x10001670                hardware_alarm_set_callback
 .text.hardware_alarm_set_target
                0x100016fc       0xe0 CMakeFiles/main.dir/C_/VSARM/sdk/pico/pico-sdk/src/rp2_common/hardware_timer/timer.c.obj
                0x100016fc                hardware_alarm_set_target
 .text.hardware_alarm_cancel
                0x100017dc       0x3c CMakeFiles/main.dir/C_/VSARM/sdk/pico/pico-sdk/src/rp2_common/hardware_timer/timer.c.obj
                0x100017dc                hardware_alarm_cancel
 .text.lock_init
                0x10001818       0x10 CMakeFiles/main.dir/C_/VSARM/sdk/pico/pico-sdk/src/common/pico_sync/lock_core.c.obj
                0x10001818                lock_init
 .text.mutex_init
                0x10001828       0x1c CMakeFiles/main.dir/C_/VSARM/sdk/pico/pico-sdk/src/common/pico_sync/mutex.c.obj
                0x10001828                mutex_init
 .text.recursive_mutex_init
                0x10001844       0x1c CMakeFiles/main.dir/C_/VSARM/sdk/pico/pico-sdk/src/common/pico_sync/mutex.c.obj
                0x10001844                recursive_mutex_init
 .text.critical_section_init
                0x10001860       0x20 CMakeFiles/main.dir/C_/VSARM/sdk/pico/pico-sdk/src/common/pico_sync/critical_section.c.obj
                0x10001860                critical_section_init
 .text.ph_merge_nodes
                0x10001880       0x68 CMakeFiles/main.dir/C_/VSARM/sdk/pico/pico-sdk/src/common/pico_util/pheap.c.obj
 .text.ph_post_alloc_init
                0x100018e8       0x3c CMakeFiles/main.dir/C_/VSARM/sdk/pico/pico-sdk/src/common/pico_util/pheap.c.obj
                0x100018e8                ph_post_alloc_init
 .text.ph_merge_two_pass
                0x10001924       0x90 CMakeFiles/main.dir/C_/VSARM/sdk/pico/pico-sdk/src/common/pico_util/pheap.c.obj
                0x10001924                ph_merge_two_pass
 .text.ph_remove_any_head
                0x100019b4       0xf8 CMakeFiles/main.dir/C_/VSARM/sdk/pico/pico-sdk/src/common/pico_util/pheap.c.obj
 .text.ph_remove_head
                0x10001aac       0xfc CMakeFiles/main.dir/C_/VSARM/sdk/pico/pico-sdk/src/common/pico_util/pheap.c.obj
                0x10001aac                ph_remove_head
 .text.ph_remove_and_free_node
                0x10001ba8       0x7c CMakeFiles/main.dir/C_/VSARM/sdk/pico/pico-sdk/src/common/pico_util/pheap.c.obj
                0x10001ba8                ph_remove_and_free_node
 .text.runtime_init
                0x10001c24       0xf0 CMakeFiles/main.dir/C_/VSARM/sdk/pico/pico-sdk/src/rp2_common/pico_runtime/runtime.c.obj
                0x10001c24                runtime_init
 .text._sbrk    0x10001d14       0x34 CMakeFiles/main.dir/C_/VSARM/sdk/pico/pico-sdk/src/rp2_common/pico_runtime/runtime.c.obj
                0x10001d14                _sbrk
 .text.exit     0x10001d48        0x4 CMakeFiles/main.dir/C_/VSARM/sdk/pico/pico-sdk/src/rp2_common/pico_runtime/runtime.c.obj
                0x10001d48                exit
 .text.__assert_func
                0x10001d4c       0x34 CMakeFiles/main.dir/C_/VSARM/sdk/pico/pico-sdk/src/rp2_common/pico_runtime/runtime.c.obj
                0x10001d4c                __assert_func
 .text.panic    0x10001d80       0x30 CMakeFiles/main.dir/C_/VSARM/sdk/pico/pico-sdk/src/rp2_common/pico_runtime/runtime.c.obj
                0x10001d80                panic
 .text.hard_assertion_failure
                0x10001db0        0xc CMakeFiles/main.dir/C_/VSARM/sdk/pico/pico-sdk/src/rp2_common/pico_runtime/runtime.c.obj
                0x10001db0                hard_assertion_failure
 .text.clocks_init
                0x10001dbc      0x2bc CMakeFiles/main.dir/C_/VSARM/sdk/pico/pico-sdk/src/rp2_common/hardware_clocks/clocks.c.obj
                0x10001dbc                clocks_init
 .text.clock_get_hz
                0x10002078        0xc CMakeFiles/main.dir/C_/VSARM/sdk/pico/pico-sdk/src/rp2_common/hardware_clocks/clocks.c.obj
                0x10002078                clock_get_hz
 .text.irq_set_enabled
                0x10002084       0x24 CMakeFiles/main.dir/C_/VSARM/sdk/pico/pico-sdk/src/rp2_common/hardware_irq/irq.c.obj
                0x10002084                irq_set_enabled
 .text.irq_set_pending
                0x100020a8       0x10 CMakeFiles/main.dir/C_/VSARM/sdk/pico/pico-sdk/src/rp2_common/hardware_irq/irq.c.obj
                0x100020a8                irq_set_pending
 .text.irq_get_vtable_handler
                0x100020b8       0x10 CMakeFiles/main.dir/C_/VSARM/sdk/pico/pico-sdk/src/rp2_common/hardware_irq/irq.c.obj
                0x100020b8                irq_get_vtable_handler
 .text.irq_set_exclusive_handler
                0x100020c8       0x54 CMakeFiles/main.dir/C_/VSARM/sdk/pico/pico-sdk/src/rp2_common/hardware_irq/irq.c.obj
                0x100020c8                irq_set_exclusive_handler
 .text.irq_remove_handler
                0x1000211c      0x1b4 CMakeFiles/main.dir/C_/VSARM/sdk/pico/pico-sdk/src/rp2_common/hardware_irq/irq.c.obj
                0x1000211c                irq_remove_handler
 .text.irq_add_tail_to_free_list
                0x100022d0       0xb4 CMakeFiles/main.dir/C_/VSARM/sdk/pico/pico-sdk/src/rp2_common/hardware_irq/irq.c.obj
                0x100022d0                irq_add_tail_to_free_list
 .text.irq_init_priorities
                0x10002384       0x24 CMakeFiles/main.dir/C_/VSARM/sdk/pico/pico-sdk/src/rp2_common/hardware_irq/irq.c.obj
                0x10002384                irq_init_priorities
 .text.pll_init
                0x100023a8       0xb0 CMakeFiles/main.dir/C_/VSARM/sdk/pico/pico-sdk/src/rp2_common/hardware_pll/pll.c.obj
                0x100023a8                pll_init
 .text.watchdog_start_tick
                0x10002458       0x10 CMakeFiles/main.dir/C_/VSARM/sdk/pico/pico-sdk/src/rp2_common/hardware_watchdog/watchdog.c.obj
                0x10002458                watchdog_start_tick
 .text.watchdog_reboot
                0x10002468       0x98 CMakeFiles/main.dir/C_/VSARM/sdk/pico/pico-sdk/src/rp2_common/hardware_watchdog/watchdog.c.obj
                0x10002468                watchdog_reboot
 .text.xosc_init
                0x10002500       0x28 CMakeFiles/main.dir/C_/VSARM/sdk/pico/pico-sdk/src/rp2_common/hardware_xosc/xosc.c.obj
                0x10002500                xosc_init
 .text._out_buffer
                0x10002528        0x8 CMakeFiles/main.dir/C_/VSARM/sdk/pico/pico-sdk/src/rp2_common/pico_printf/printf.c.obj
 .text._out_null
                0x10002530        0x4 CMakeFiles/main.dir/C_/VSARM/sdk/pico/pico-sdk/src/rp2_common/pico_printf/printf.c.obj
 .text._out_rev
                0x10002534       0x9c CMakeFiles/main.dir/C_/VSARM/sdk/pico/pico-sdk/src/rp2_common/pico_printf/printf.c.obj
 .text._ntoa_format
                0x100025d0      0x1cc CMakeFiles/main.dir/C_/VSARM/sdk/pico/pico-sdk/src/rp2_common/pico_printf/printf.c.obj
 .text._out_char
                0x1000279c       0x10 CMakeFiles/main.dir/C_/VSARM/sdk/pico/pico-sdk/src/rp2_common/pico_printf/printf.c.obj
 .text._out_fct
                0x100027ac       0x10 CMakeFiles/main.dir/C_/VSARM/sdk/pico/pico-sdk/src/rp2_common/pico_printf/printf.c.obj
 .text._etoa    0x100027bc      0x44c CMakeFiles/main.dir/C_/VSARM/sdk/pico/pico-sdk/src/rp2_common/pico_printf/printf.c.obj
 .text._ftoa    0x10002c08      0x398 CMakeFiles/main.dir/C_/VSARM/sdk/pico/pico-sdk/src/rp2_common/pico_printf/printf.c.obj
 .text._vsnprintf
                0x10002fa0      0xb04 CMakeFiles/main.dir/C_/VSARM/sdk/pico/pico-sdk/src/rp2_common/pico_printf/printf.c.obj
 .text.__wrap_sprintf
                0x10003aa4       0x28 CMakeFiles/main.dir/C_/VSARM/sdk/pico/pico-sdk/src/rp2_common/pico_printf/printf.c.obj
                0x10003aa4                __wrap_sprintf
 .text.vfctprintf
                0x10003acc       0x20 CMakeFiles/main.dir/C_/VSARM/sdk/pico/pico-sdk/src/rp2_common/pico_printf/printf.c.obj
                0x10003acc                vfctprintf
 .text.weak_raw_printf
                0x10003aec       0x40 CMakeFiles/main.dir/C_/VSARM/sdk/pico/pico-sdk/src/rp2_common/pico_printf/printf.c.obj
                0x10003aec                weak_raw_printf
 .text.weak_raw_vprintf
                0x10003b2c       0x30 CMakeFiles/main.dir/C_/VSARM/sdk/pico/pico-sdk/src/rp2_common/pico_printf/printf.c.obj
                0x10003b2c                weak_raw_vprintf
 .text          0x10003b5c       0x10 CMakeFiles/main.dir/C_/VSARM/sdk/pico/pico-sdk/src/rp2_common/pico_bit_ops/bit_ops_aeabi.S.obj
 .text.rom_func_lookup
                0x10003b6c       0x10 CMakeFiles/main.dir/C_/VSARM/sdk/pico/pico-sdk/src/rp2_common/pico_bootrom/bootrom.c.obj
                0x10003b6c                rom_func_lookup
 .text.rom_data_lookup
                0x10003b7c       0x10 CMakeFiles/main.dir/C_/VSARM/sdk/pico/pico-sdk/src/rp2_common/pico_bootrom/bootrom.c.obj
                0x10003b7c                rom_data_lookup
 .text.rom_funcs_lookup
                0x10003b8c       0x44 CMakeFiles/main.dir/C_/VSARM/sdk/pico/pico-sdk/src/rp2_common/pico_bootrom/bootrom.c.obj
                0x10003b8c                rom_funcs_lookup
 .text.__wrap___aeabi_idiv
                0x10003bd0       0x50 CMakeFiles/main.dir/C_/VSARM/sdk/pico/pico-sdk/src/rp2_common/pico_divider/divider.S.obj
                0x10003bd0                __wrap___aeabi_idivmod
                0x10003bd0                divmod_s32s32
                0x10003bd0                div_s32s32
                0x10003bd0                __wrap___aeabi_idiv
                0x10003bd8                divmod_s32s32_unsafe
                0x10003c04                divmod_s32s32_savestate
 .text.__wrap___aeabi_uidiv
                0x10003c20       0x4c CMakeFiles/main.dir/C_/VSARM/sdk/pico/pico-sdk/src/rp2_common/pico_divider/divider.S.obj
                0x10003c20                __wrap___aeabi_uidiv
                0x10003c20                __wrap___aeabi_uidivmod
                0x10003c20                div_u32u32
                0x10003c20                divmod_u32u32
                0x10003c28                divmod_u32u32_unsafe
                0x10003c50                divmod_u32u32_savestate
 .text.__wrap___aeabi_ldiv
                0x10003c6c      0x434 CMakeFiles/main.dir/C_/VSARM/sdk/pico/pico-sdk/src/rp2_common/pico_divider/divider.S.obj
                0x10003c6c                div_s64s64
                0x10003c6c                divmod_s64s64
                0x10003c6c                __wrap___aeabi_ldivmod
                0x10003ca4                divmod_u64u64
                0x10003ca4                div_u64u64
                0x10003ca4                __wrap___aeabi_uldivmod
                0x10003cb4                divmod_u64u64_savestate
                0x10003cdc                divmod_s64s64_unsafe
                0x10003d64                divmod_u64u64_unsafe
 .text.__wrap___aeabi_darithmetic
                0x100040a0       0x80 CMakeFiles/main.dir/C_/VSARM/sdk/pico/pico-sdk/src/rp2_common/pico_double/double_aeabi.S.obj
                0x100040a0                __wrap___aeabi_drsub
                0x100040a6                __wrap___aeabi_dsub
                0x100040b8                __wrap___aeabi_dadd
                0x100040ca                __wrap___aeabi_ddiv
                0x10004106                __wrap___aeabi_dmul
 .text.__wrap___aeabi_cdcmple
                0x10004120       0x6c CMakeFiles/main.dir/C_/VSARM/sdk/pico/pico-sdk/src/rp2_common/pico_double/double_aeabi.S.obj
                0x10004120                __wrap___aeabi_cdrcmple
                0x10004130                __wrap___aeabi_cdcmpeq
                0x10004130                __wrap___aeabi_cdcmple
 .text.__wrap___aeabi_dcmpeq
                0x1000418c       0x10 CMakeFiles/main.dir/C_/VSARM/sdk/pico/pico-sdk/src/rp2_common/pico_double/double_aeabi.S.obj
                0x1000418c                __wrap___aeabi_dcmpeq
 .text.__wrap___aeabi_dcmplt
                0x1000419c        0xc CMakeFiles/main.dir/C_/VSARM/sdk/pico/pico-sdk/src/rp2_common/pico_double/double_aeabi.S.obj
                0x1000419c                __wrap___aeabi_dcmplt
 .text.__wrap___aeabi_dcmple
                0x100041a8       0x10 CMakeFiles/main.dir/C_/VSARM/sdk/pico/pico-sdk/src/rp2_common/pico_double/double_aeabi.S.obj
                0x100041a8                __wrap___aeabi_dcmple
 .text.__wrap___aeabi_dcmpge
                0x100041b8       0x10 CMakeFiles/main.dir/C_/VSARM/sdk/pico/pico-sdk/src/rp2_common/pico_double/double_aeabi.S.obj
                0x100041b8                __wrap___aeabi_dcmpge
 .text.__wrap___aeabi_dcmpgt
                0x100041c8        0xa CMakeFiles/main.dir/C_/VSARM/sdk/pico/pico-sdk/src/rp2_common/pico_double/double_aeabi.S.obj
                0x100041c8                __wrap___aeabi_dcmpgt
 .text.__wrap___aeabi_dcmpun
                0x100041d2       0x1c CMakeFiles/main.dir/C_/VSARM/sdk/pico/pico-sdk/src/rp2_common/pico_double/double_aeabi.S.obj
                0x100041d2                __wrap___aeabi_dcmpun
 *fill*         0x100041ee        0x2 
 .text.__wrap___aeabi_i2d
                0x100041f0       0x38 CMakeFiles/main.dir/C_/VSARM/sdk/pico/pico-sdk/src/rp2_common/pico_double/double_aeabi.S.obj
                0x100041f0                __wrap___aeabi_ui2d
                0x100041f8                __wrap___aeabi_i2d
 .text.__wrap___aeabi_d2iz
                0x10004228       0x48 CMakeFiles/main.dir/C_/VSARM/sdk/pico/pico-sdk/src/rp2_common/pico_double/double_aeabi.S.obj
                0x10004228                double2int_z
                0x10004228                __wrap___aeabi_d2iz
 .text.__wrap___aeabi_d2uiz
                0x10004270       0x18 CMakeFiles/main.dir/C_/VSARM/sdk/pico/pico-sdk/src/rp2_common/pico_double/double_aeabi.S.obj
                0x10004270                __wrap___aeabi_d2uiz
                0x10004270                double2uint
 .text.__wrap___aeabi_l2d
                0x10004288       0x18 CMakeFiles/main.dir/C_/VSARM/sdk/pico/pico-sdk/src/rp2_common/pico_double/double_aeabi.S.obj
                0x10004288                __wrap___aeabi_l2d
 .text.__wrap___aeabi_ul2d
                0x100042a0       0x18 CMakeFiles/main.dir/C_/VSARM/sdk/pico/pico-sdk/src/rp2_common/pico_double/double_aeabi.S.obj
                0x100042a0                __wrap___aeabi_ul2d
 .text.__wrap___aeabi_d2lz
                0x100042b8       0x26 CMakeFiles/main.dir/C_/VSARM/sdk/pico/pico-sdk/src/rp2_common/pico_double/double_aeabi.S.obj
                0x100042b8                double2int64_z
                0x100042b8                __wrap___aeabi_d2lz
 *fill*         0x100042de        0x2 
 .text.double2int64
                0x100042e0       0x18 CMakeFiles/main.dir/C_/VSARM/sdk/pico/pico-sdk/src/rp2_common/pico_double/double_aeabi.S.obj
                0x100042e0                double2int64
 .text.double2ufix64
                0x100042f8       0x18 CMakeFiles/main.dir/C_/VSARM/sdk/pico/pico-sdk/src/rp2_common/pico_double/double_aeabi.S.obj
                0x100042f8                double2ufix64
 .text.__wrap___aeabi_d2f
                0x10004310       0x18 CMakeFiles/main.dir/C_/VSARM/sdk/pico/pico-sdk/src/rp2_common/pico_double/double_aeabi.S.obj
                0x10004310                __wrap___aeabi_d2f
 .text.__aeabi_double_init
                0x10004328       0x94 CMakeFiles/main.dir/C_/VSARM/sdk/pico/pico-sdk/src/rp2_common/pico_double/double_init_rom.c.obj
                0x10004328                __aeabi_double_init
 .text.double_table_shim_on_use_helper
                0x100043bc       0x2c CMakeFiles/main.dir/C_/VSARM/sdk/pico/pico-sdk/src/rp2_common/pico_double/double_v1_rom_shim.S.obj
                0x100043bc                double_table_shim_on_use_helper
 .text.__wrap___aeabi_dsub
                0x100043e8       0x10 CMakeFiles/main.dir/C_/VSARM/sdk/pico/pico-sdk/src/rp2_common/pico_double/double_v1_rom_shim.S.obj
                0x100043e8                drsub_shim
                0x100043ee                dsub_shim
 .text.dadd_shim
                0x100043f8      0x15c CMakeFiles/main.dir/C_/VSARM/sdk/pico/pico-sdk/src/rp2_common/pico_double/double_v1_rom_shim.S.obj
                0x100043f8                dadd_shim
 .text.dmul_shim
                0x10004554      0x15c CMakeFiles/main.dir/C_/VSARM/sdk/pico/pico-sdk/src/rp2_common/pico_double/double_v1_rom_shim.S.obj
                0x10004554                dmul_shim
 .text.ddiv_shim
                0x100046b0      0x1b0 CMakeFiles/main.dir/C_/VSARM/sdk/pico/pico-sdk/src/rp2_common/pico_double/double_v1_rom_shim.S.obj
                0x100046b0                ddiv_shim
 .text.double2uint_shim
                0x10004860        0xe CMakeFiles/main.dir/C_/VSARM/sdk/pico/pico-sdk/src/rp2_common/pico_double/double_v1_rom_shim.S.obj
                0x10004860                double2uint_shim
                0x10004862                double2ufix_shim
 .text.double2int64_shim
                0x1000486e       0x1a CMakeFiles/main.dir/C_/VSARM/sdk/pico/pico-sdk/src/rp2_common/pico_double/double_v1_rom_shim.S.obj
                0x1000486e                double2int64_shim
                0x10004870                double2fix64_shim
 .text.double2uint64_shim
                0x10004888       0x70 CMakeFiles/main.dir/C_/VSARM/sdk/pico/pico-sdk/src/rp2_common/pico_double/double_v1_rom_shim.S.obj
                0x10004888                double2uint64_shim
                0x1000488a                double2ufix64_shim
                0x100048aa                d2fix_a
 .text.double2float_shim
                0x100048f8       0x5c CMakeFiles/main.dir/C_/VSARM/sdk/pico/pico-sdk/src/rp2_common/pico_double/double_v1_rom_shim.S.obj
                0x100048f8                double2float_shim
 .text.x2double_shims
                0x10004954       0x90 CMakeFiles/main.dir/C_/VSARM/sdk/pico/pico-sdk/src/rp2_common/pico_double/double_v1_rom_shim.S.obj
                0x10004954                uint2double_shim
                0x10004956                ufix2double_shim
                0x1000495c                int2double_shim
                0x1000495e                fix2double_shim
                0x10004964                uint642double_shim
                0x10004966                ufix642double_shim
                0x1000496c                int642double_shim
                0x1000496e                fix642double_shim
 .text.dunpacks
                0x100049e4       0x3c CMakeFiles/main.dir/C_/VSARM/sdk/pico/pico-sdk/src/rp2_common/pico_double/double_v1_rom_shim.S.obj
                0x100049e4                dunpacks
 .text.__aeabi_lmul
                0x10004a20       0x32 CMakeFiles/main.dir/C_/VSARM/sdk/pico/pico-sdk/src/rp2_common/pico_int64_ops/pico_int64_ops_aeabi.S.obj
                0x10004a20                __wrap___aeabi_lmul
 *fill*         0x10004a52        0x2 
 .text.__wrap___aeabi_farithmetic
                0x10004a54       0x48 CMakeFiles/main.dir/C_/VSARM/sdk/pico/pico-sdk/src/rp2_common/pico_float/float_aeabi.S.obj
                0x10004a54                __wrap___aeabi_frsub
                0x10004a5a                __wrap___aeabi_fsub
                0x10004a60                __wrap___aeabi_fadd
                0x10004a66                __wrap___aeabi_fdiv
                0x10004a8e                __wrap___aeabi_fmul
 .text.__wrap___aeabi_cfcmple
                0x10004a9c       0x50 CMakeFiles/main.dir/C_/VSARM/sdk/pico/pico-sdk/src/rp2_common/pico_float/float_aeabi.S.obj
                0x10004a9c                __wrap___aeabi_cfrcmple
                0x10004aa8                __wrap___aeabi_cfcmple
                0x10004aa8                __wrap___aeabi_cfcmpeq
 .text.__wrap___aeabi_fcmplt
                0x10004aec        0xc CMakeFiles/main.dir/C_/VSARM/sdk/pico/pico-sdk/src/rp2_common/pico_float/float_aeabi.S.obj
                0x10004aec                __wrap___aeabi_fcmplt
 .text.__wrap___aeabi_fcmpgt
                0x10004af8        0xa CMakeFiles/main.dir/C_/VSARM/sdk/pico/pico-sdk/src/rp2_common/pico_float/float_aeabi.S.obj
                0x10004af8                __wrap___aeabi_fcmpgt
 .text.__wrap___aeabi_f2iz
                0x10004b02       0x4e CMakeFiles/main.dir/C_/VSARM/sdk/pico/pico-sdk/src/rp2_common/pico_float/float_aeabi.S.obj
                0x10004b02                float2int_z
                0x10004b02                __wrap___aeabi_f2iz
 .text.float2int
                0x10004b50       0x14 CMakeFiles/main.dir/C_/VSARM/sdk/pico/pico-sdk/src/rp2_common/pico_float/float_aeabi.S.obj
                0x10004b50                float2int
 .text.__wrap___aeabi_f2uiz
                0x10004b64        0xc CMakeFiles/main.dir/C_/VSARM/sdk/pico/pico-sdk/src/rp2_common/pico_float/float_aeabi.S.obj
                0x10004b64                __wrap___aeabi_f2uiz
 .text.__wrap___aeabi_f2d
                0x10004b70       0x14 CMakeFiles/main.dir/C_/VSARM/sdk/pico/pico-sdk/src/rp2_common/pico_float/float_aeabi.S.obj
                0x10004b70                __wrap___aeabi_f2d
 .text.__aeabi_float_init
                0x10004b84       0x64 CMakeFiles/main.dir/C_/VSARM/sdk/pico/pico-sdk/src/rp2_common/pico_float/float_init_rom.c.obj
                0x10004b84                __aeabi_float_init
 .text.float_table_shim_on_use_helper
                0x10004be8       0x2c CMakeFiles/main.dir/C_/VSARM/sdk/pico/pico-sdk/src/rp2_common/pico_float/float_v1_rom_shim.S.obj
                0x10004be8                float_table_shim_on_use_helper
 .text.float232_shims
                0x10004c14       0x18 CMakeFiles/main.dir/C_/VSARM/sdk/pico/pico-sdk/src/rp2_common/pico_float/float_v1_rom_shim.S.obj
                0x10004c14                float2int_shim
                0x10004c16                float2fix_shim
 .text.float2double_shim
                0x10004c2c       0x30 CMakeFiles/main.dir/C_/VSARM/sdk/pico/pico-sdk/src/rp2_common/pico_float/float_v1_rom_shim.S.obj
                0x10004c2c                float2double_shim
 .text.__wrap_malloc
                0x10004c5c       0x3c CMakeFiles/main.dir/C_/VSARM/sdk/pico/pico-sdk/src/rp2_common/pico_malloc/pico_malloc.c.obj
                0x10004c5c                __wrap_malloc
 .text.__wrap_free
                0x10004c98       0x20 CMakeFiles/main.dir/C_/VSARM/sdk/pico/pico-sdk/src/rp2_common/pico_malloc/pico_malloc.c.obj
                0x10004c98                __wrap_free
 .text          0x10004cb8       0x10 CMakeFiles/main.dir/C_/VSARM/sdk/pico/pico-sdk/src/rp2_common/pico_mem_ops/mem_ops_aeabi.S.obj
                0x10004cb8                __aeabi_mem_init
 .text.memset   0x10004cc8        0xc CMakeFiles/main.dir/C_/VSARM/sdk/pico/pico-sdk/src/rp2_common/pico_mem_ops/mem_ops_aeabi.S.obj
                0x10004cc8                __wrap_memset
 .text.memcpy   0x10004cd4        0xc CMakeFiles/main.dir/C_/VSARM/sdk/pico/pico-sdk/src/rp2_common/pico_mem_ops/mem_ops_aeabi.S.obj
                0x10004cd4                __wrap_memcpy
                0x10004cd4                __wrap___aeabi_memcpy
 .text.stdio_out_chars_no_crlf
                0x10004ce0       0x10 CMakeFiles/main.dir/C_/VSARM/sdk/pico/pico-sdk/src/rp2_common/pico_stdio/stdio.c.obj
 .text.stdio_out_chars_crlf
                0x10004cf0       0xb4 CMakeFiles/main.dir/C_/VSARM/sdk/pico/pico-sdk/src/rp2_common/pico_stdio/stdio.c.obj
 .text.stdio_buffered_printer
                0x10004da4       0x64 CMakeFiles/main.dir/C_/VSARM/sdk/pico/pico-sdk/src/rp2_common/pico_stdio/stdio.c.obj
 .text.stdio_put_string.isra.0
                0x10004e08       0xfc CMakeFiles/main.dir/C_/VSARM/sdk/pico/pico-sdk/src/rp2_common/pico_stdio/stdio.c.obj
 .text.__wrap_putchar
                0x10004f04       0xa0 CMakeFiles/main.dir/C_/VSARM/sdk/pico/pico-sdk/src/rp2_common/pico_stdio/stdio.c.obj
                0x10004f04                __wrap_putchar
 .text.__wrap_puts
                0x10004fa4       0x3c CMakeFiles/main.dir/C_/VSARM/sdk/pico/pico-sdk/src/rp2_common/pico_stdio/stdio.c.obj
                0x10004fa4                __wrap_puts
 .text._read    0x10004fe0       0x98 CMakeFiles/main.dir/C_/VSARM/sdk/pico/pico-sdk/src/rp2_common/pico_stdio/stdio.c.obj
                0x10004fe0                _read
 .text._write   0x10005078       0xac CMakeFiles/main.dir/C_/VSARM/sdk/pico/pico-sdk/src/rp2_common/pico_stdio/stdio.c.obj
                0x10005078                _write
 .text.stdio_set_driver_enabled
                0x10005124       0x30 CMakeFiles/main.dir/C_/VSARM/sdk/pico/pico-sdk/src/rp2_common/pico_stdio/stdio.c.obj
                0x10005124                stdio_set_driver_enabled
 .text.__wrap_vprintf
                0x10005154       0xd8 CMakeFiles/main.dir/C_/VSARM/sdk/pico/pico-sdk/src/rp2_common/pico_stdio/stdio.c.obj
                0x10005154                __wrap_vprintf
 .text.__wrap_printf
                0x1000522c       0x18 CMakeFiles/main.dir/C_/VSARM/sdk/pico/pico-sdk/src/rp2_common/pico_stdio/stdio.c.obj
                0x1000522c                __wrap_printf
 .text.stdio_init_all
                0x10005244        0xc CMakeFiles/main.dir/C_/VSARM/sdk/pico/pico-sdk/src/rp2_common/pico_stdio/stdio.c.obj
                0x10005244                stdio_init_all
 .text.stdio_uart_out_chars
                0x10005250       0x4c CMakeFiles/main.dir/C_/VSARM/sdk/pico/pico-sdk/src/rp2_common/pico_stdio_uart/stdio_uart.c.obj
 .text.stdio_uart_in_chars
                0x1000529c       0x38 CMakeFiles/main.dir/C_/VSARM/sdk/pico/pico-sdk/src/rp2_common/pico_stdio_uart/stdio_uart.c.obj
                0x1000529c                stdio_uart_in_chars
 .text.stdio_uart_init
                0x100052d4       0x48 CMakeFiles/main.dir/C_/VSARM/sdk/pico/pico-sdk/src/rp2_common/pico_stdio_uart/stdio_uart.c.obj
                0x100052d4                stdio_uart_init
 .text.resetd_init
                0x1000531c        0x4 CMakeFiles/main.dir/C_/VSARM/sdk/pico/pico-sdk/src/rp2_common/pico_stdio_usb/reset_interface.c.obj
 .text.resetd_reset
                0x10005320        0xc CMakeFiles/main.dir/C_/VSARM/sdk/pico/pico-sdk/src/rp2_common/pico_stdio_usb/reset_interface.c.obj
 .text.resetd_open
                0x1000532c       0x28 CMakeFiles/main.dir/C_/VSARM/sdk/pico/pico-sdk/src/rp2_common/pico_stdio_usb/reset_interface.c.obj
 .text.resetd_xfer_cb
                0x10005354        0x4 CMakeFiles/main.dir/C_/VSARM/sdk/pico/pico-sdk/src/rp2_common/pico_stdio_usb/reset_interface.c.obj
 .text.resetd_control_xfer_cb
                0x10005358       0x64 CMakeFiles/main.dir/C_/VSARM/sdk/pico/pico-sdk/src/rp2_common/pico_stdio_usb/reset_interface.c.obj
 .text.usbd_app_driver_get_cb
                0x100053bc        0xc CMakeFiles/main.dir/C_/VSARM/sdk/pico/pico-sdk/src/rp2_common/pico_stdio_usb/reset_interface.c.obj
                0x100053bc                usbd_app_driver_get_cb
 .text.tud_cdc_line_coding_cb
                0x100053c8       0x34 CMakeFiles/main.dir/C_/VSARM/sdk/pico/pico-sdk/src/rp2_common/pico_stdio_usb/reset_interface.c.obj
                0x100053c8                tud_cdc_line_coding_cb
 .text.stdio_usb_in_chars
                0x100053fc       0x68 CMakeFiles/main.dir/C_/VSARM/sdk/pico/pico-sdk/src/rp2_common/pico_stdio_usb/stdio_usb.c.obj
                0x100053fc                stdio_usb_in_chars
 .text.stdio_usb_out_chars
                0x10005464       0xe4 CMakeFiles/main.dir/C_/VSARM/sdk/pico/pico-sdk/src/rp2_common/pico_stdio_usb/stdio_usb.c.obj
 .text.timer_task
                0x10005548       0x10 CMakeFiles/main.dir/C_/VSARM/sdk/pico/pico-sdk/src/rp2_common/pico_stdio_usb/stdio_usb.c.obj
 .text.low_priority_worker_irq
                0x10005558       0x24 CMakeFiles/main.dir/C_/VSARM/sdk/pico/pico-sdk/src/rp2_common/pico_stdio_usb/stdio_usb.c.obj
 .text.stdio_usb_init
                0x1000557c       0x90 CMakeFiles/main.dir/C_/VSARM/sdk/pico/pico-sdk/src/rp2_common/pico_stdio_usb/stdio_usb.c.obj
                0x1000557c                stdio_usb_init
 .text.tud_descriptor_device_cb
                0x1000560c        0x8 CMakeFiles/main.dir/C_/VSARM/sdk/pico/pico-sdk/src/rp2_common/pico_stdio_usb/stdio_usb_descriptors.c.obj
                0x1000560c                tud_descriptor_device_cb
 .text.tud_descriptor_configuration_cb
                0x10005614        0x8 CMakeFiles/main.dir/C_/VSARM/sdk/pico/pico-sdk/src/rp2_common/pico_stdio_usb/stdio_usb_descriptors.c.obj
                0x10005614                tud_descriptor_configuration_cb
 .text.tud_descriptor_string_cb
                0x1000561c       0x74 CMakeFiles/main.dir/C_/VSARM/sdk/pico/pico-sdk/src/rp2_common/pico_stdio_usb/stdio_usb_descriptors.c.obj
                0x1000561c                tud_descriptor_string_cb
 .text.dcd_rp2040_irq
                0x10005690      0x21c CMakeFiles/main.dir/C_/VSARM/sdk/pico/pico-sdk/lib/tinyusb/src/portable/raspberrypi/rp2040/dcd_rp2040.c.obj
 .text.dcd_int_enable
                0x100058ac        0xc CMakeFiles/main.dir/C_/VSARM/sdk/pico/pico-sdk/lib/tinyusb/src/portable/raspberrypi/rp2040/dcd_rp2040.c.obj
                0x100058ac                dcd_int_enable
 .text.dcd_set_address
                0x100058b8       0x14 CMakeFiles/main.dir/C_/VSARM/sdk/pico/pico-sdk/lib/tinyusb/src/portable/raspberrypi/rp2040/dcd_rp2040.c.obj
                0x100058b8                dcd_set_address
 .text.dcd_connect
                0x100058cc       0x10 CMakeFiles/main.dir/C_/VSARM/sdk/pico/pico-sdk/lib/tinyusb/src/portable/raspberrypi/rp2040/dcd_rp2040.c.obj
                0x100058cc                dcd_connect
 .text.dcd_init
                0x100058dc      0x144 CMakeFiles/main.dir/C_/VSARM/sdk/pico/pico-sdk/lib/tinyusb/src/portable/raspberrypi/rp2040/dcd_rp2040.c.obj
                0x100058dc                dcd_init
 .text.dcd_edpt0_status_complete
                0x10005a20       0x1c CMakeFiles/main.dir/C_/VSARM/sdk/pico/pico-sdk/lib/tinyusb/src/portable/raspberrypi/rp2040/dcd_rp2040.c.obj
                0x10005a20                dcd_edpt0_status_complete
 .text.dcd_edpt_open
                0x10005a3c       0xf0 CMakeFiles/main.dir/C_/VSARM/sdk/pico/pico-sdk/lib/tinyusb/src/portable/raspberrypi/rp2040/dcd_rp2040.c.obj
                0x10005a3c                dcd_edpt_open
 .text.dcd_edpt_close_all
                0x10005b2c       0xbc CMakeFiles/main.dir/C_/VSARM/sdk/pico/pico-sdk/lib/tinyusb/src/portable/raspberrypi/rp2040/dcd_rp2040.c.obj
                0x10005b2c                dcd_edpt_close_all
 .text.dcd_edpt_xfer
                0x10005be8       0x24 CMakeFiles/main.dir/C_/VSARM/sdk/pico/pico-sdk/lib/tinyusb/src/portable/raspberrypi/rp2040/dcd_rp2040.c.obj
                0x10005be8                dcd_edpt_xfer
 .text.dcd_edpt_stall
                0x10005c0c       0x38 CMakeFiles/main.dir/C_/VSARM/sdk/pico/pico-sdk/lib/tinyusb/src/portable/raspberrypi/rp2040/dcd_rp2040.c.obj
                0x10005c0c                dcd_edpt_stall
 .text.dcd_edpt_clear_stall
                0x10005c44       0x30 CMakeFiles/main.dir/C_/VSARM/sdk/pico/pico-sdk/lib/tinyusb/src/portable/raspberrypi/rp2040/dcd_rp2040.c.obj
                0x10005c44                dcd_edpt_clear_stall
 .text._hw_endpoint_buffer_control_update32.part.0.isra.0
                0x10005c74       0x1c CMakeFiles/main.dir/C_/VSARM/sdk/pico/pico-sdk/lib/tinyusb/src/portable/raspberrypi/rp2040/rp2040_usb.c.obj
 .text.rp2040_usb_init
                0x10005c90       0x4c CMakeFiles/main.dir/C_/VSARM/sdk/pico/pico-sdk/lib/tinyusb/src/portable/raspberrypi/rp2040/rp2040_usb.c.obj
                0x10005c90                rp2040_usb_init
 .text.hw_endpoint_reset_transfer
                0x10005cdc        0xc CMakeFiles/main.dir/C_/VSARM/sdk/pico/pico-sdk/lib/tinyusb/src/portable/raspberrypi/rp2040/rp2040_usb.c.obj
                0x10005cdc                hw_endpoint_reset_transfer
 .text._hw_endpoint_buffer_control_update32
                0x10005ce8       0x44 CMakeFiles/main.dir/C_/VSARM/sdk/pico/pico-sdk/lib/tinyusb/src/portable/raspberrypi/rp2040/rp2040_usb.c.obj
                0x10005ce8                _hw_endpoint_buffer_control_update32
 .text.hw_endpoint_xfer_start
                0x10005d2c      0x138 CMakeFiles/main.dir/C_/VSARM/sdk/pico/pico-sdk/lib/tinyusb/src/portable/raspberrypi/rp2040/rp2040_usb.c.obj
                0x10005d2c                hw_endpoint_xfer_start
 .text.hw_endpoint_xfer_continue
                0x10005e64      0x1e4 CMakeFiles/main.dir/C_/VSARM/sdk/pico/pico-sdk/lib/tinyusb/src/portable/raspberrypi/rp2040/rp2040_usb.c.obj
                0x10005e64                hw_endpoint_xfer_continue
 .text.tud_mounted
                0x10006048       0x10 CMakeFiles/main.dir/C_/VSARM/sdk/pico/pico-sdk/lib/tinyusb/src/device/usbd.c.obj
                0x10006048                tud_mounted
 .text.tud_suspended
                0x10006058       0x10 CMakeFiles/main.dir/C_/VSARM/sdk/pico/pico-sdk/lib/tinyusb/src/device/usbd.c.obj
                0x10006058                tud_suspended
 .text.tud_inited
                0x10006068        0xc CMakeFiles/main.dir/C_/VSARM/sdk/pico/pico-sdk/lib/tinyusb/src/device/usbd.c.obj
                0x10006068                tud_inited
 .text.tud_init
                0x10006074       0xd8 CMakeFiles/main.dir/C_/VSARM/sdk/pico/pico-sdk/lib/tinyusb/src/device/usbd.c.obj
                0x10006074                tud_init
 .text.tud_task
                0x1000614c      0x8ec CMakeFiles/main.dir/C_/VSARM/sdk/pico/pico-sdk/lib/tinyusb/src/device/usbd.c.obj
                0x1000614c                tud_task
 .text.dcd_event_bus_signal
                0x10006a38      0x120 CMakeFiles/main.dir/C_/VSARM/sdk/pico/pico-sdk/lib/tinyusb/src/device/usbd.c.obj
                0x10006a38                dcd_event_bus_signal
 .text.dcd_event_bus_reset
                0x10006b58       0x54 CMakeFiles/main.dir/C_/VSARM/sdk/pico/pico-sdk/lib/tinyusb/src/device/usbd.c.obj
                0x10006b58                dcd_event_bus_reset
 .text.dcd_event_setup_received
                0x10006bac       0x50 CMakeFiles/main.dir/C_/VSARM/sdk/pico/pico-sdk/lib/tinyusb/src/device/usbd.c.obj
                0x10006bac                dcd_event_setup_received
 .text.dcd_event_xfer_complete
                0x10006bfc       0x68 CMakeFiles/main.dir/C_/VSARM/sdk/pico/pico-sdk/lib/tinyusb/src/device/usbd.c.obj
                0x10006bfc                dcd_event_xfer_complete
 .text.usbd_open_edpt_pair
                0x10006c64       0x80 CMakeFiles/main.dir/C_/VSARM/sdk/pico/pico-sdk/lib/tinyusb/src/device/usbd.c.obj
                0x10006c64                usbd_open_edpt_pair
 .text.usbd_edpt_open
                0x10006ce4       0x30 CMakeFiles/main.dir/C_/VSARM/sdk/pico/pico-sdk/lib/tinyusb/src/device/usbd.c.obj
                0x10006ce4                usbd_edpt_open
 .text.usbd_edpt_claim
                0x10006d14       0x64 CMakeFiles/main.dir/C_/VSARM/sdk/pico/pico-sdk/lib/tinyusb/src/device/usbd.c.obj
                0x10006d14                usbd_edpt_claim
 .text.usbd_edpt_release
                0x10006d78       0x4c CMakeFiles/main.dir/C_/VSARM/sdk/pico/pico-sdk/lib/tinyusb/src/device/usbd.c.obj
                0x10006d78                usbd_edpt_release
 .text.usbd_edpt_xfer
                0x10006dc4       0x48 CMakeFiles/main.dir/C_/VSARM/sdk/pico/pico-sdk/lib/tinyusb/src/device/usbd.c.obj
                0x10006dc4                usbd_edpt_xfer
 .text.tud_control_status
                0x10006e0c       0x30 CMakeFiles/main.dir/C_/VSARM/sdk/pico/pico-sdk/lib/tinyusb/src/device/usbd_control.c.obj
                0x10006e0c                tud_control_status
 .text.tud_control_xfer
                0x10006e3c       0xbc CMakeFiles/main.dir/C_/VSARM/sdk/pico/pico-sdk/lib/tinyusb/src/device/usbd_control.c.obj
                0x10006e3c                tud_control_xfer
 .text.usbd_control_reset
                0x10006ef8       0x14 CMakeFiles/main.dir/C_/VSARM/sdk/pico/pico-sdk/lib/tinyusb/src/device/usbd_control.c.obj
                0x10006ef8                usbd_control_reset
 .text.usbd_control_set_complete_callback
                0x10006f0c        0xc CMakeFiles/main.dir/C_/VSARM/sdk/pico/pico-sdk/lib/tinyusb/src/device/usbd_control.c.obj
                0x10006f0c                usbd_control_set_complete_callback
 .text.usbd_control_set_request
                0x10006f18       0x1c CMakeFiles/main.dir/C_/VSARM/sdk/pico/pico-sdk/lib/tinyusb/src/device/usbd_control.c.obj
                0x10006f18                usbd_control_set_request
 .text.usbd_control_xfer_cb
                0x10006f34       0xfc CMakeFiles/main.dir/C_/VSARM/sdk/pico/pico-sdk/lib/tinyusb/src/device/usbd_control.c.obj
                0x10006f34                usbd_control_xfer_cb
 .text.tud_cdc_n_connected
                0x10007030       0x30 CMakeFiles/main.dir/C_/VSARM/sdk/pico/pico-sdk/lib/tinyusb/src/class/cdc/cdc_device.c.obj
                0x10007030                tud_cdc_n_connected
 .text.tud_cdc_n_available
                0x10007060       0x18 CMakeFiles/main.dir/C_/VSARM/sdk/pico/pico-sdk/lib/tinyusb/src/class/cdc/cdc_device.c.obj
                0x10007060                tud_cdc_n_available
 .text.tud_cdc_n_read
                0x10007078       0x70 CMakeFiles/main.dir/C_/VSARM/sdk/pico/pico-sdk/lib/tinyusb/src/class/cdc/cdc_device.c.obj
                0x10007078                tud_cdc_n_read
 .text.tud_cdc_n_write_flush
                0x100070e8       0x78 CMakeFiles/main.dir/C_/VSARM/sdk/pico/pico-sdk/lib/tinyusb/src/class/cdc/cdc_device.c.obj
                0x100070e8                tud_cdc_n_write_flush
 .text.tud_cdc_n_write
                0x10007160       0x34 CMakeFiles/main.dir/C_/VSARM/sdk/pico/pico-sdk/lib/tinyusb/src/class/cdc/cdc_device.c.obj
                0x10007160                tud_cdc_n_write
 .text.tud_cdc_n_write_available
                0x10007194       0x18 CMakeFiles/main.dir/C_/VSARM/sdk/pico/pico-sdk/lib/tinyusb/src/class/cdc/cdc_device.c.obj
                0x10007194                tud_cdc_n_write_available
 .text.cdcd_init
                0x100071ac       0x7c CMakeFiles/main.dir/C_/VSARM/sdk/pico/pico-sdk/lib/tinyusb/src/class/cdc/cdc_device.c.obj
                0x100071ac                cdcd_init
 .text.cdcd_reset
                0x10007228       0x2c CMakeFiles/main.dir/C_/VSARM/sdk/pico/pico-sdk/lib/tinyusb/src/class/cdc/cdc_device.c.obj
                0x10007228                cdcd_reset
 .text.cdcd_open
                0x10007254       0xe4 CMakeFiles/main.dir/C_/VSARM/sdk/pico/pico-sdk/lib/tinyusb/src/class/cdc/cdc_device.c.obj
                0x10007254                cdcd_open
 .text.cdcd_control_xfer_cb
                0x10007338       0xe4 CMakeFiles/main.dir/C_/VSARM/sdk/pico/pico-sdk/lib/tinyusb/src/class/cdc/cdc_device.c.obj
                0x10007338                cdcd_control_xfer_cb
 .text.cdcd_xfer_cb
                0x1000741c      0x148 CMakeFiles/main.dir/C_/VSARM/sdk/pico/pico-sdk/lib/tinyusb/src/class/cdc/cdc_device.c.obj
                0x1000741c                cdcd_xfer_cb
 .text.tusb_init
                0x10007564        0xc CMakeFiles/main.dir/C_/VSARM/sdk/pico/pico-sdk/lib/tinyusb/src/tusb.c.obj
                0x10007564                tusb_init
 .text.tusb_inited
                0x10007570        0x8 CMakeFiles/main.dir/C_/VSARM/sdk/pico/pico-sdk/lib/tinyusb/src/tusb.c.obj
                0x10007570                tusb_inited
 .text.tu_edpt_validate
                0x10007578       0x78 CMakeFiles/main.dir/C_/VSARM/sdk/pico/pico-sdk/lib/tinyusb/src/tusb.c.obj
                0x10007578                tu_edpt_validate
 .text.tu_edpt_bind_driver
                0x100075f0       0x2c CMakeFiles/main.dir/C_/VSARM/sdk/pico/pico-sdk/lib/tinyusb/src/tusb.c.obj
                0x100075f0                tu_edpt_bind_driver
 .text.tu_fifo_config
                0x1000761c       0x78 CMakeFiles/main.dir/C_/VSARM/sdk/pico/pico-sdk/lib/tinyusb/src/common/tusb_fifo.c.obj
                0x1000761c                tu_fifo_config
 .text.tu_fifo_count
                0x10007694       0x20 CMakeFiles/main.dir/C_/VSARM/sdk/pico/pico-sdk/lib/tinyusb/src/common/tusb_fifo.c.obj
                0x10007694                tu_fifo_count
 .text.tu_fifo_empty
                0x100076b4       0x10 CMakeFiles/main.dir/C_/VSARM/sdk/pico/pico-sdk/lib/tinyusb/src/common/tusb_fifo.c.obj
                0x100076b4                tu_fifo_empty
 .text.tu_fifo_remaining
                0x100076c4       0x1c CMakeFiles/main.dir/C_/VSARM/sdk/pico/pico-sdk/lib/tinyusb/src/common/tusb_fifo.c.obj
                0x100076c4                tu_fifo_remaining
 .text.tu_fifo_read
                0x100076e0       0x9c CMakeFiles/main.dir/C_/VSARM/sdk/pico/pico-sdk/lib/tinyusb/src/common/tusb_fifo.c.obj
                0x100076e0                tu_fifo_read
 .text.tu_fifo_read_n
                0x1000777c      0x100 CMakeFiles/main.dir/C_/VSARM/sdk/pico/pico-sdk/lib/tinyusb/src/common/tusb_fifo.c.obj
                0x1000777c                tu_fifo_read_n
 .text.tu_fifo_write
                0x1000787c       0x7c CMakeFiles/main.dir/C_/VSARM/sdk/pico/pico-sdk/lib/tinyusb/src/common/tusb_fifo.c.obj
                0x1000787c                tu_fifo_write
 .text.tu_fifo_write_n
                0x100078f8      0x100 CMakeFiles/main.dir/C_/VSARM/sdk/pico/pico-sdk/lib/tinyusb/src/common/tusb_fifo.c.obj
                0x100078f8                tu_fifo_write_n
 .text.tu_fifo_clear
                0x100079f8       0x4c CMakeFiles/main.dir/C_/VSARM/sdk/pico/pico-sdk/lib/tinyusb/src/common/tusb_fifo.c.obj
                0x100079f8                tu_fifo_clear
 .text.tu_fifo_set_overwritable
                0x10007a44       0x3c CMakeFiles/main.dir/C_/VSARM/sdk/pico/pico-sdk/lib/tinyusb/src/common/tusb_fifo.c.obj
                0x10007a44                tu_fifo_set_overwritable
 .text.startup._retrieve_unique_id_on_boot
                0x10007a80       0x10 CMakeFiles/main.dir/C_/VSARM/sdk/pico/pico-sdk/src/rp2_common/pico_unique_id/unique_id.c.obj
 .text.pico_get_unique_board_id_string
                0x10007a90      0x1a8 CMakeFiles/main.dir/C_/VSARM/sdk/pico/pico-sdk/src/rp2_common/pico_unique_id/unique_id.c.obj
                0x10007a90                pico_get_unique_board_id_string
 .text.flash_get_unique_id
                0x10007c38       0x40 CMakeFiles/main.dir/C_/VSARM/sdk/pico/pico-sdk/src/rp2_common/hardware_flash/flash.c.obj
                0x10007c38                flash_get_unique_id
 .text.pio_add_program
                0x10007c78       0xc8 CMakeFiles/main.dir/C_/VSARM/sdk/pico/pico-sdk/src/rp2_common/hardware_pio/pio.c.obj
                0x10007c78                pio_add_program
 .text.pio_sm_set_consecutive_pindirs
                0x10007d40       0x84 CMakeFiles/main.dir/C_/VSARM/sdk/pico/pico-sdk/src/rp2_common/hardware_pio/pio.c.obj
                0x10007d40                pio_sm_set_consecutive_pindirs
 .text.pio_sm_init
                0x10007dc4       0x90 CMakeFiles/main.dir/C_/VSARM/sdk/pico/pico-sdk/src/rp2_common/hardware_pio/pio.c.obj
                0x10007dc4                pio_sm_init
 .text.atof     0x10007e54        0xc c:/vsarm/armcc/102021~1.10/bin/../lib/gcc/arm-none-eabi/10.3.1/../../../../arm-none-eabi/lib/thumb/v6-m/nofp\libc.a(lib_a-atof.o)
                0x10007e54                atof
 .text._calloc_r
                0x10007e60       0x9c c:/vsarm/armcc/102021~1.10/bin/../lib/gcc/arm-none-eabi/10.3.1/../../../../arm-none-eabi/lib/thumb/v6-m/nofp\libc.a(lib_a-callocr.o)
                0x10007e60                _calloc_r
 .text.__errno  0x10007efc        0xc c:/vsarm/armcc/102021~1.10/bin/../lib/gcc/arm-none-eabi/10.3.1/../../../../arm-none-eabi/lib/thumb/v6-m/nofp\libc.a(lib_a-errno.o)
                0x10007efc                __errno
 .text.malloc   0x10007f08       0x14 c:/vsarm/armcc/102021~1.10/bin/../lib/gcc/arm-none-eabi/10.3.1/../../../../arm-none-eabi/lib/thumb/v6-m/nofp\libc.a(lib_a-malloc.o)
                0x10007f08                malloc
 .text.free     0x10007f1c       0x14 c:/vsarm/armcc/102021~1.10/bin/../lib/gcc/arm-none-eabi/10.3.1/../../../../arm-none-eabi/lib/thumb/v6-m/nofp\libc.a(lib_a-malloc.o)
                0x10007f1c                free
 .text._malloc_r
                0x10007f30      0x584 c:/vsarm/armcc/102021~1.10/bin/../lib/gcc/arm-none-eabi/10.3.1/../../../../arm-none-eabi/lib/thumb/v6-m/nofp\libc.a(lib_a-mallocr.o)
                0x10007f30                _malloc_r
 .text.__malloc_lock
                0x100084b4       0x10 c:/vsarm/armcc/102021~1.10/bin/../lib/gcc/arm-none-eabi/10.3.1/../../../../arm-none-eabi/lib/thumb/v6-m/nofp\libc.a(lib_a-mlock.o)
                0x100084b4                __malloc_lock
 .text.__malloc_unlock
                0x100084c4       0x10 c:/vsarm/armcc/102021~1.10/bin/../lib/gcc/arm-none-eabi/10.3.1/../../../../arm-none-eabi/lib/thumb/v6-m/nofp\libc.a(lib_a-mlock.o)
                0x100084c4                __malloc_unlock
 .text._sbrk_r  0x100084d4       0x24 c:/vsarm/armcc/102021~1.10/bin/../lib/gcc/arm-none-eabi/10.3.1/../../../../arm-none-eabi/lib/thumb/v6-m/nofp\libc.a(lib_a-sbrkr.o)
                0x100084d4                _sbrk_r
 .text.scanf    0x100084f8       0x24 c:/vsarm/armcc/102021~1.10/bin/../lib/gcc/arm-none-eabi/10.3.1/../../../../arm-none-eabi/lib/thumb/v6-m/nofp\libc.a(lib_a-scanf.o)
                0x100084f8                scanf
 .text.strlen   0x1000851c       0x5c c:/vsarm/armcc/102021~1.10/bin/../lib/gcc/arm-none-eabi/10.3.1/../../../../arm-none-eabi/lib/thumb/v6-m/nofp\libc.a(lib_a-strlen-stub.o)
                0x1000851c                strlen
 .text._strtod_l
                0x10008578      0xf78 c:/vsarm/armcc/102021~1.10/bin/../lib/gcc/arm-none-eabi/10.3.1/../../../../arm-none-eabi/lib/thumb/v6-m/nofp\libc.a(lib_a-strtod.o)
                0x10008578                _strtod_l
 .text._strtod_r
                0x100094f0       0x10 c:/vsarm/armcc/102021~1.10/bin/../lib/gcc/arm-none-eabi/10.3.1/../../../../arm-none-eabi/lib/thumb/v6-m/nofp\libc.a(lib_a-strtod.o)
                0x100094f0                _strtod_r
 .text.strtod   0x10009500       0x1c c:/vsarm/armcc/102021~1.10/bin/../lib/gcc/arm-none-eabi/10.3.1/../../../../arm-none-eabi/lib/thumb/v6-m/nofp\libc.a(lib_a-strtod.o)
                0x10009500                strtod
 .text.__svfscanf_r
                0x1000951c     0x17d8 c:/vsarm/armcc/102021~1.10/bin/../lib/gcc/arm-none-eabi/10.3.1/../../../../arm-none-eabi/lib/thumb/v6-m/nofp\libc.a(lib_a-vfscanf.o)
                0x1000951c                __svfscanf_r
 .text._vfscanf_r
                0x1000acf4       0x28 c:/vsarm/armcc/102021~1.10/bin/../lib/gcc/arm-none-eabi/10.3.1/../../../../arm-none-eabi/lib/thumb/v6-m/nofp\libc.a(lib_a-vfscanf.o)
                0x1000acf4                _vfscanf_r
 .text._cleanup_r
                0x1000ad1c       0x10 c:/vsarm/armcc/102021~1.10/bin/../lib/gcc/arm-none-eabi/10.3.1/../../../../arm-none-eabi/lib/thumb/v6-m/nofp\libc.a(lib_a-findfp.o)
                0x1000ad1c                _cleanup_r
 .text.__sinit  0x1000ad2c      0x120 c:/vsarm/armcc/102021~1.10/bin/../lib/gcc/arm-none-eabi/10.3.1/../../../../arm-none-eabi/lib/thumb/v6-m/nofp\libc.a(lib_a-findfp.o)
                0x1000ad2c                __sinit
 .text.__sfp_lock_acquire
                0x1000ae4c       0x10 c:/vsarm/armcc/102021~1.10/bin/../lib/gcc/arm-none-eabi/10.3.1/../../../../arm-none-eabi/lib/thumb/v6-m/nofp\libc.a(lib_a-findfp.o)
                0x1000ae4c                __sfp_lock_acquire
 .text.__sfp_lock_release
                0x1000ae5c       0x10 c:/vsarm/armcc/102021~1.10/bin/../lib/gcc/arm-none-eabi/10.3.1/../../../../arm-none-eabi/lib/thumb/v6-m/nofp\libc.a(lib_a-findfp.o)
                0x1000ae5c                __sfp_lock_release
 .text._fread_r
                0x1000ae6c      0x1bc c:/vsarm/armcc/102021~1.10/bin/../lib/gcc/arm-none-eabi/10.3.1/../../../../arm-none-eabi/lib/thumb/v6-m/nofp\libc.a(lib_a-fread.o)
                0x1000ae6c                _fread_r
 .text._malloc_trim_r
                0x1000b028       0x9c c:/vsarm/armcc/102021~1.10/bin/../lib/gcc/arm-none-eabi/10.3.1/../../../../arm-none-eabi/lib/thumb/v6-m/nofp\libc.a(lib_a-freer.o)
                0x1000b028                _malloc_trim_r
 .text._free_r  0x1000b0c4      0x1c4 c:/vsarm/armcc/102021~1.10/bin/../lib/gcc/arm-none-eabi/10.3.1/../../../../arm-none-eabi/lib/thumb/v6-m/nofp\libc.a(lib_a-freer.o)
                0x1000b0c4                _free_r
 .text._fwalk   0x1000b288       0x40 c:/vsarm/armcc/102021~1.10/bin/../lib/gcc/arm-none-eabi/10.3.1/../../../../arm-none-eabi/lib/thumb/v6-m/nofp\libc.a(lib_a-fwalk.o)
                0x1000b288                _fwalk
 .text._fwalk_reent
                0x1000b2c8       0x48 c:/vsarm/armcc/102021~1.10/bin/../lib/gcc/arm-none-eabi/10.3.1/../../../../arm-none-eabi/lib/thumb/v6-m/nofp\libc.a(lib_a-fwalk.o)
                0x1000b2c8                _fwalk_reent
 .text.rshift   0x1000b310       0xa4 c:/vsarm/armcc/102021~1.10/bin/../lib/gcc/arm-none-eabi/10.3.1/../../../../arm-none-eabi/lib/thumb/v6-m/nofp\libc.a(lib_a-gdtoa-gethex.o)
 .text.__gethex
                0x1000b3b4      0x5cc c:/vsarm/armcc/102021~1.10/bin/../lib/gcc/arm-none-eabi/10.3.1/../../../../arm-none-eabi/lib/thumb/v6-m/nofp\libc.a(lib_a-gdtoa-gethex.o)
                0x1000b3b4                __gethex
 .text.__match  0x1000b980       0x2c c:/vsarm/armcc/102021~1.10/bin/../lib/gcc/arm-none-eabi/10.3.1/../../../../arm-none-eabi/lib/thumb/v6-m/nofp\libc.a(lib_a-gdtoa-hexnan.o)
                0x1000b980                __match
 .text.__hexnan
                0x1000b9ac      0x1d0 c:/vsarm/armcc/102021~1.10/bin/../lib/gcc/arm-none-eabi/10.3.1/../../../../arm-none-eabi/lib/thumb/v6-m/nofp\libc.a(lib_a-gdtoa-hexnan.o)
                0x1000b9ac                __hexnan
 .text.iswspace
                0x1000bb7c        0xc c:/vsarm/armcc/102021~1.10/bin/../lib/gcc/arm-none-eabi/10.3.1/../../../../arm-none-eabi/lib/thumb/v6-m/nofp\libc.a(lib_a-iswspace.o)
                0x1000bb7c                iswspace
 .text.iswspace_l
                0x1000bb88       0x18 c:/vsarm/armcc/102021~1.10/bin/../lib/gcc/arm-none-eabi/10.3.1/../../../../arm-none-eabi/lib/thumb/v6-m/nofp\libc.a(lib_a-iswspace_l.o)
                0x1000bb88                iswspace_l
 .text.__locale_mb_cur_max
                0x1000bba0       0x10 c:/vsarm/armcc/102021~1.10/bin/../lib/gcc/arm-none-eabi/10.3.1/../../../../arm-none-eabi/lib/thumb/v6-m/nofp\libc.a(lib_a-locale.o)
                0x1000bba0                __locale_mb_cur_max
 .text._localeconv_r
                0x1000bbb0        0x8 c:/vsarm/armcc/102021~1.10/bin/../lib/gcc/arm-none-eabi/10.3.1/../../../../arm-none-eabi/lib/thumb/v6-m/nofp\libc.a(lib_a-localeconv.o)
                0x1000bbb0                _localeconv_r
 .text.__retarget_lock_init_recursive
                0x1000bbb8        0x4 c:/vsarm/armcc/102021~1.10/bin/../lib/gcc/arm-none-eabi/10.3.1/../../../../arm-none-eabi/lib/thumb/v6-m/nofp\libc.a(lib_a-lock.o)
                0x1000bbb8                __retarget_lock_init_recursive
 .text.__retarget_lock_close_recursive
                0x1000bbbc        0x4 c:/vsarm/armcc/102021~1.10/bin/../lib/gcc/arm-none-eabi/10.3.1/../../../../arm-none-eabi/lib/thumb/v6-m/nofp\libc.a(lib_a-lock.o)
                0x1000bbbc                __retarget_lock_close_recursive
 .text.__retarget_lock_acquire_recursive
                0x1000bbc0        0x4 c:/vsarm/armcc/102021~1.10/bin/../lib/gcc/arm-none-eabi/10.3.1/../../../../arm-none-eabi/lib/thumb/v6-m/nofp\libc.a(lib_a-lock.o)
                0x1000bbc0                __retarget_lock_acquire_recursive
 .text.__retarget_lock_release_recursive
                0x1000bbc4        0x4 c:/vsarm/armcc/102021~1.10/bin/../lib/gcc/arm-none-eabi/10.3.1/../../../../arm-none-eabi/lib/thumb/v6-m/nofp\libc.a(lib_a-lock.o)
                0x1000bbc4                __retarget_lock_release_recursive
 .text._mbrtowc_r
                0x1000bbc8       0x4c c:/vsarm/armcc/102021~1.10/bin/../lib/gcc/arm-none-eabi/10.3.1/../../../../arm-none-eabi/lib/thumb/v6-m/nofp\libc.a(lib_a-mbrtowc.o)
                0x1000bbc8                _mbrtowc_r
 .text.__ascii_mbtowc
                0x1000bc14       0x2c c:/vsarm/armcc/102021~1.10/bin/../lib/gcc/arm-none-eabi/10.3.1/../../../../arm-none-eabi/lib/thumb/v6-m/nofp\libc.a(lib_a-mbtowc_r.o)
                0x1000bc14                __ascii_mbtowc
 .text._Balloc  0x1000bc40       0x50 c:/vsarm/armcc/102021~1.10/bin/../lib/gcc/arm-none-eabi/10.3.1/../../../../arm-none-eabi/lib/thumb/v6-m/nofp\libc.a(lib_a-mprec.o)
                0x1000bc40                _Balloc
 .text._Bfree   0x1000bc90       0x14 c:/vsarm/armcc/102021~1.10/bin/../lib/gcc/arm-none-eabi/10.3.1/../../../../arm-none-eabi/lib/thumb/v6-m/nofp\libc.a(lib_a-mprec.o)
                0x1000bc90                _Bfree
 .text.__multadd
                0x1000bca4       0xa8 c:/vsarm/armcc/102021~1.10/bin/../lib/gcc/arm-none-eabi/10.3.1/../../../../arm-none-eabi/lib/thumb/v6-m/nofp\libc.a(lib_a-mprec.o)
                0x1000bca4                __multadd
 .text.__s2b    0x1000bd4c       0xb0 c:/vsarm/armcc/102021~1.10/bin/../lib/gcc/arm-none-eabi/10.3.1/../../../../arm-none-eabi/lib/thumb/v6-m/nofp\libc.a(lib_a-mprec.o)
                0x1000bd4c                __s2b
 .text.__hi0bits
                0x1000bdfc       0x38 c:/vsarm/armcc/102021~1.10/bin/../lib/gcc/arm-none-eabi/10.3.1/../../../../arm-none-eabi/lib/thumb/v6-m/nofp\libc.a(lib_a-mprec.o)
                0x1000bdfc                __hi0bits
 .text.__lo0bits
                0x1000be34       0x5c c:/vsarm/armcc/102021~1.10/bin/../lib/gcc/arm-none-eabi/10.3.1/../../../../arm-none-eabi/lib/thumb/v6-m/nofp\libc.a(lib_a-mprec.o)
                0x1000be34                __lo0bits
 .text.__i2b    0x1000be90       0x60 c:/vsarm/armcc/102021~1.10/bin/../lib/gcc/arm-none-eabi/10.3.1/../../../../arm-none-eabi/lib/thumb/v6-m/nofp\libc.a(lib_a-mprec.o)
                0x1000be90                __i2b
 .text.__multiply
                0x1000bef0      0x1a4 c:/vsarm/armcc/102021~1.10/bin/../lib/gcc/arm-none-eabi/10.3.1/../../../../arm-none-eabi/lib/thumb/v6-m/nofp\libc.a(lib_a-mprec.o)
                0x1000bef0                __multiply
 .text.__pow5mult
                0x1000c094       0xd8 c:/vsarm/armcc/102021~1.10/bin/../lib/gcc/arm-none-eabi/10.3.1/../../../../arm-none-eabi/lib/thumb/v6-m/nofp\libc.a(lib_a-mprec.o)
                0x1000c094                __pow5mult
 .text.__lshift
                0x1000c16c       0xfc c:/vsarm/armcc/102021~1.10/bin/../lib/gcc/arm-none-eabi/10.3.1/../../../../arm-none-eabi/lib/thumb/v6-m/nofp\libc.a(lib_a-mprec.o)
                0x1000c16c                __lshift
 .text.__mcmp   0x1000c268       0x34 c:/vsarm/armcc/102021~1.10/bin/../lib/gcc/arm-none-eabi/10.3.1/../../../../arm-none-eabi/lib/thumb/v6-m/nofp\libc.a(lib_a-mprec.o)
                0x1000c268                __mcmp
 .text.__mdiff  0x1000c29c      0x18c c:/vsarm/armcc/102021~1.10/bin/../lib/gcc/arm-none-eabi/10.3.1/../../../../arm-none-eabi/lib/thumb/v6-m/nofp\libc.a(lib_a-mprec.o)
                0x1000c29c                __mdiff
 .text.__ulp    0x1000c428       0x48 c:/vsarm/armcc/102021~1.10/bin/../lib/gcc/arm-none-eabi/10.3.1/../../../../arm-none-eabi/lib/thumb/v6-m/nofp\libc.a(lib_a-mprec.o)
                0x1000c428                __ulp
 .text.__b2d    0x1000c470       0xc8 c:/vsarm/armcc/102021~1.10/bin/../lib/gcc/arm-none-eabi/10.3.1/../../../../arm-none-eabi/lib/thumb/v6-m/nofp\libc.a(lib_a-mprec.o)
                0x1000c470                __b2d
 .text.__d2b    0x1000c538       0xd8 c:/vsarm/armcc/102021~1.10/bin/../lib/gcc/arm-none-eabi/10.3.1/../../../../arm-none-eabi/lib/thumb/v6-m/nofp\libc.a(lib_a-mprec.o)
                0x1000c538                __d2b
 .text.__ratio  0x1000c610       0x68 c:/vsarm/armcc/102021~1.10/bin/../lib/gcc/arm-none-eabi/10.3.1/../../../../arm-none-eabi/lib/thumb/v6-m/nofp\libc.a(lib_a-mprec.o)
                0x1000c610                __ratio
 .text.__copybits
                0x1000c678       0x40 c:/vsarm/armcc/102021~1.10/bin/../lib/gcc/arm-none-eabi/10.3.1/../../../../arm-none-eabi/lib/thumb/v6-m/nofp\libc.a(lib_a-mprec.o)
                0x1000c678                __copybits
 .text.__any_on
                0x1000c6b8       0x50 c:/vsarm/armcc/102021~1.10/bin/../lib/gcc/arm-none-eabi/10.3.1/../../../../arm-none-eabi/lib/thumb/v6-m/nofp\libc.a(lib_a-mprec.o)
                0x1000c6b8                __any_on
 .text.realloc  0x1000c708       0x18 c:/vsarm/armcc/102021~1.10/bin/../lib/gcc/arm-none-eabi/10.3.1/../../../../arm-none-eabi/lib/thumb/v6-m/nofp\libc.a(lib_a-realloc.o)
                0x1000c708                realloc
 .text._realloc_r
                0x1000c720      0x354 c:/vsarm/armcc/102021~1.10/bin/../lib/gcc/arm-none-eabi/10.3.1/../../../../arm-none-eabi/lib/thumb/v6-m/nofp\libc.a(lib_a-reallocr.o)
                0x1000c720                _realloc_r
 .text.lflush   0x1000ca74       0x1c c:/vsarm/armcc/102021~1.10/bin/../lib/gcc/arm-none-eabi/10.3.1/../../../../arm-none-eabi/lib/thumb/v6-m/nofp\libc.a(lib_a-refill.o)
 .text.__srefill_r
                0x1000ca90      0x124 c:/vsarm/armcc/102021~1.10/bin/../lib/gcc/arm-none-eabi/10.3.1/../../../../arm-none-eabi/lib/thumb/v6-m/nofp\libc.a(lib_a-refill.o)
                0x1000ca90                __srefill_r
 .text.nan      0x1000cbb4        0xc c:/vsarm/armcc/102021~1.10/bin/../lib/gcc/arm-none-eabi/10.3.1/../../../../arm-none-eabi/lib/thumb/v6-m/nofp\libc.a(lib_a-s_nan.o)
                0x1000cbb4                nan
 .text.__sccl   0x1000cbc0       0x80 c:/vsarm/armcc/102021~1.10/bin/../lib/gcc/arm-none-eabi/10.3.1/../../../../arm-none-eabi/lib/thumb/v6-m/nofp\libc.a(lib_a-sccl.o)
                0x1000cbc0                __sccl
 .text.nanf     0x1000cc40        0x8 c:/vsarm/armcc/102021~1.10/bin/../lib/gcc/arm-none-eabi/10.3.1/../../../../arm-none-eabi/lib/thumb/v6-m/nofp\libc.a(lib_a-sf_nan.o)
                0x1000cc40                nanf
 .text.__sread  0x1000cc48       0x28 c:/vsarm/armcc/102021~1.10/bin/../lib/gcc/arm-none-eabi/10.3.1/../../../../arm-none-eabi/lib/thumb/v6-m/nofp\libc.a(lib_a-stdio.o)
                0x1000cc48                __sread
 .text.__swrite
                0x1000cc70       0x40 c:/vsarm/armcc/102021~1.10/bin/../lib/gcc/arm-none-eabi/10.3.1/../../../../arm-none-eabi/lib/thumb/v6-m/nofp\libc.a(lib_a-stdio.o)
                0x1000cc70                __swrite
 .text.__sseek  0x1000ccb0       0x2c c:/vsarm/armcc/102021~1.10/bin/../lib/gcc/arm-none-eabi/10.3.1/../../../../arm-none-eabi/lib/thumb/v6-m/nofp\libc.a(lib_a-stdio.o)
                0x1000ccb0                __sseek
 .text.__sclose
                0x1000ccdc        0xc c:/vsarm/armcc/102021~1.10/bin/../lib/gcc/arm-none-eabi/10.3.1/../../../../arm-none-eabi/lib/thumb/v6-m/nofp\libc.a(lib_a-stdio.o)
                0x1000ccdc                __sclose
 .text.strncmp  0x1000cce8       0x74 c:/vsarm/armcc/102021~1.10/bin/../lib/gcc/arm-none-eabi/10.3.1/../../../../arm-none-eabi/lib/thumb/v6-m/nofp\libc.a(lib_a-strncmp.o)
                0x1000cce8                strncmp
 .text._strtol_l.part.0
                0x1000cd5c      0x144 c:/vsarm/armcc/102021~1.10/bin/../lib/gcc/arm-none-eabi/10.3.1/../../../../arm-none-eabi/lib/thumb/v6-m/nofp\libc.a(lib_a-strtol.o)
 .text._strtol_r
                0x1000cea0       0x1c c:/vsarm/armcc/102021~1.10/bin/../lib/gcc/arm-none-eabi/10.3.1/../../../../arm-none-eabi/lib/thumb/v6-m/nofp\libc.a(lib_a-strtol.o)
                0x1000cea0                _strtol_r
 .text._strtoll_l.constprop.0
                0x1000cebc      0x198 c:/vsarm/armcc/102021~1.10/bin/../lib/gcc/arm-none-eabi/10.3.1/../../../../arm-none-eabi/lib/thumb/v6-m/nofp\libc.a(lib_a-strtoll.o)
 .text._strtoll_r
                0x1000d054        0x8 c:/vsarm/armcc/102021~1.10/bin/../lib/gcc/arm-none-eabi/10.3.1/../../../../arm-none-eabi/lib/thumb/v6-m/nofp\libc.a(lib_a-strtoll.o)
                0x1000d054                _strtoll_r
 .text._strtoul_l.constprop.0
                0x1000d05c      0x148 c:/vsarm/armcc/102021~1.10/bin/../lib/gcc/arm-none-eabi/10.3.1/../../../../arm-none-eabi/lib/thumb/v6-m/nofp\libc.a(lib_a-strtoul.o)
 .text._strtoul_r
                0x1000d1a4        0x8 c:/vsarm/armcc/102021~1.10/bin/../lib/gcc/arm-none-eabi/10.3.1/../../../../arm-none-eabi/lib/thumb/v6-m/nofp\libc.a(lib_a-strtoul.o)
                0x1000d1a4                _strtoul_r
 .text._strtoull_l.constprop.0
                0x1000d1ac      0x1bc c:/vsarm/armcc/102021~1.10/bin/../lib/gcc/arm-none-eabi/10.3.1/../../../../arm-none-eabi/lib/thumb/v6-m/nofp\libc.a(lib_a-strtoull.o)
 .text._strtoull_r
                0x1000d368        0x8 c:/vsarm/armcc/102021~1.10/bin/../lib/gcc/arm-none-eabi/10.3.1/../../../../arm-none-eabi/lib/thumb/v6-m/nofp\libc.a(lib_a-strtoull.o)
                0x1000d368                _strtoull_r
 .text.__submore
                0x1000d370       0x84 c:/vsarm/armcc/102021~1.10/bin/../lib/gcc/arm-none-eabi/10.3.1/../../../../arm-none-eabi/lib/thumb/v6-m/nofp\libc.a(lib_a-ungetc.o)
                0x1000d370                __submore
 .text._ungetc_r
                0x1000d3f4      0x138 c:/vsarm/armcc/102021~1.10/bin/../lib/gcc/arm-none-eabi/10.3.1/../../../../arm-none-eabi/lib/thumb/v6-m/nofp\libc.a(lib_a-ungetc.o)
                0x1000d3f4                _ungetc_r
 .text.__ascii_wctomb
                0x1000d52c       0x1c c:/vsarm/armcc/102021~1.10/bin/../lib/gcc/arm-none-eabi/10.3.1/../../../../arm-none-eabi/lib/thumb/v6-m/nofp\libc.a(lib_a-wctomb_r.o)
                0x1000d52c                __ascii_wctomb
 .text._write_r
                0x1000d548       0x28 c:/vsarm/armcc/102021~1.10/bin/../lib/gcc/arm-none-eabi/10.3.1/../../../../arm-none-eabi/lib/thumb/v6-m/nofp\libc.a(lib_a-writer.o)
                0x1000d548                _write_r
 .text._close_r
                0x1000d570       0x24 c:/vsarm/armcc/102021~1.10/bin/../lib/gcc/arm-none-eabi/10.3.1/../../../../arm-none-eabi/lib/thumb/v6-m/nofp\libc.a(lib_a-closer.o)
                0x1000d570                _close_r
 .text._fclose_r
                0x1000d594       0xdc c:/vsarm/armcc/102021~1.10/bin/../lib/gcc/arm-none-eabi/10.3.1/../../../../arm-none-eabi/lib/thumb/v6-m/nofp\libc.a(lib_a-fclose.o)
                0x1000d594                _fclose_r
 .text.__sflush_r
                0x1000d670      0x140 c:/vsarm/armcc/102021~1.10/bin/../lib/gcc/arm-none-eabi/10.3.1/../../../../arm-none-eabi/lib/thumb/v6-m/nofp\libc.a(lib_a-fflush.o)
                0x1000d670                __sflush_r
 .text._fflush_r
                0x1000d7b0       0x6c c:/vsarm/armcc/102021~1.10/bin/../lib/gcc/arm-none-eabi/10.3.1/../../../../arm-none-eabi/lib/thumb/v6-m/nofp\libc.a(lib_a-fflush.o)
                0x1000d7b0                _fflush_r
 .text.fflush   0x1000d81c       0x78 c:/vsarm/armcc/102021~1.10/bin/../lib/gcc/arm-none-eabi/10.3.1/../../../../arm-none-eabi/lib/thumb/v6-m/nofp\libc.a(lib_a-fflush.o)
                0x1000d81c                fflush
 .text._lseek_r
                0x1000d894       0x28 c:/vsarm/armcc/102021~1.10/bin/../lib/gcc/arm-none-eabi/10.3.1/../../../../arm-none-eabi/lib/thumb/v6-m/nofp\libc.a(lib_a-lseekr.o)
                0x1000d894                _lseek_r
 .text.__smakebuf_r
                0x1000d8bc       0xe4 c:/vsarm/armcc/102021~1.10/bin/../lib/gcc/arm-none-eabi/10.3.1/../../../../arm-none-eabi/lib/thumb/v6-m/nofp\libc.a(lib_a-makebuf.o)
                0x1000d8bc                __smakebuf_r
 .text._read_r  0x1000d9a0       0x28 c:/vsarm/armcc/102021~1.10/bin/../lib/gcc/arm-none-eabi/10.3.1/../../../../arm-none-eabi/lib/thumb/v6-m/nofp\libc.a(lib_a-readr.o)
                0x1000d9a0                _read_r
 .text._fstat_r
                0x1000d9c8       0x28 c:/vsarm/armcc/102021~1.10/bin/../lib/gcc/arm-none-eabi/10.3.1/../../../../arm-none-eabi/lib/thumb/v6-m/nofp\libc.a(lib_a-fstatr.o)
                0x1000d9c8                _fstat_r
 .text._isatty_r
                0x1000d9f0       0x24 c:/vsarm/armcc/102021~1.10/bin/../lib/gcc/arm-none-eabi/10.3.1/../../../../arm-none-eabi/lib/thumb/v6-m/nofp\libc.a(lib_a-isattyr.o)
                0x1000d9f0                _isatty_r
 .text._close   0x1000da14       0x10 c:/vsarm/armcc/102021~1.10/bin/../lib/gcc/arm-none-eabi/10.3.1/../../../../arm-none-eabi/lib/thumb/v6-m/nofp\libnosys.a(close.o)
                0x1000da14                _close
 .text._fstat   0x1000da24       0x10 c:/vsarm/armcc/102021~1.10/bin/../lib/gcc/arm-none-eabi/10.3.1/../../../../arm-none-eabi/lib/thumb/v6-m/nofp\libnosys.a(fstat.o)
                0x1000da24                _fstat
 .text._isatty  0x1000da34       0x10 c:/vsarm/armcc/102021~1.10/bin/../lib/gcc/arm-none-eabi/10.3.1/../../../../arm-none-eabi/lib/thumb/v6-m/nofp\libnosys.a(isatty.o)
                0x1000da34                _isatty
 .text._lseek   0x1000da44       0x10 c:/vsarm/armcc/102021~1.10/bin/../lib/gcc/arm-none-eabi/10.3.1/../../../../arm-none-eabi/lib/thumb/v6-m/nofp\libnosys.a(lseek.o)
                0x1000da44                _lseek
 *(.fini)
 .fini          0x1000da54        0x4 c:/vsarm/armcc/102021~1.10/bin/../lib/gcc/arm-none-eabi/10.3.1/thumb/v6-m/nofp/crti.o
                0x1000da54                _fini
 .fini.__stub   0x1000da58       0x80 linker stubs
 *crtbegin.o(.ctors)
 *crtbegin?.o(.ctors)
 *(EXCLUDE_FILE(*crtend.o *crtend?.o) .ctors)
 *(SORT_BY_NAME(.ctors.*))
 *(.ctors)
 *crtbegin.o(.dtors)
 *crtbegin?.o(.dtors)
 *(EXCLUDE_FILE(*crtend.o *crtend?.o) .dtors)
 *(SORT_BY_NAME(.dtors.*))
 *(.dtors)
 *(.eh_frame*)
 .eh_frame      0x1000dad8        0x0 c:/vsarm/armcc/102021~1.10/bin/../lib/gcc/arm-none-eabi/10.3.1/thumb/v6-m/nofp/crtbegin.o
                0x1000dad8                . = ALIGN (0x4)

.glue_7         0x1000dad8        0x0
 .glue_7        0x1000dad8        0x0 linker stubs

.glue_7t        0x1000dad8        0x0
 .glue_7t       0x1000dad8        0x0 linker stubs

.vfp11_veneer   0x1000dad8        0x0
 .vfp11_veneer  0x1000dad8        0x0 linker stubs

.v4_bx          0x1000dad8        0x0
 .v4_bx         0x1000dad8        0x0 linker stubs

.iplt           0x1000dad8        0x0
 .iplt          0x1000dad8        0x0 c:/vsarm/armcc/102021~1.10/bin/../lib/gcc/arm-none-eabi/10.3.1/thumb/v6-m/nofp/crtbegin.o

.rodata         0x1000dad8      0xf64
 *(EXCLUDE_FILE(*libm.a: *libc.a:*lib_a-mem*.o *libgcc.a:) .rodata*)
 .rodata.repeating_timer_callback.str1.4
                0x1000dad8        0x9 CMakeFiles/main.dir/main.c.obj
 *fill*         0x1000dae1        0x3 
 .rodata.main.str1.4
                0x1000dae4        0x5 CMakeFiles/main.dir/main.c.obj
 *fill*         0x1000dae9        0x3 
 .rodata.quadrature_encoder_program
                0x1000daec        0x6 CMakeFiles/main.dir/main.c.obj
 *fill*         0x1000daf2        0x2 
 .rodata.quadrature_encoder_program_instructions
                0x1000daf4       0x3a CMakeFiles/main.dir/main.c.obj
 *fill*         0x1000db2e        0x2 
 .rodata.spin_lock_claim_unused.str1.4
                0x1000db30       0x1b CMakeFiles/main.dir/C_/VSARM/sdk/pico/pico-sdk/src/rp2_common/hardware_sync/sync.c.obj
 *fill*         0x1000db4b        0x5 
 .rodata.at_the_end_of_time
                0x1000db50        0x8 CMakeFiles/main.dir/C_/VSARM/sdk/pico/pico-sdk/src/common/pico_time/time.c.obj
                0x1000db50                at_the_end_of_time
 .rodata.hardware_alarm_claim.str1.4
                0x1000db58       0x22 CMakeFiles/main.dir/C_/VSARM/sdk/pico/pico-sdk/src/rp2_common/hardware_timer/timer.c.obj
 *fill*         0x1000db7a        0x2 
 .rodata.__assert_func.str1.4
                0x1000db7c       0x3f CMakeFiles/main.dir/C_/VSARM/sdk/pico/pico-sdk/src/rp2_common/pico_runtime/runtime.c.obj
                                 0x43 (size before relaxing)
 *fill*         0x1000dbbb        0x1 
 .rodata.panic.str1.4
                0x1000dbbc       0x12 CMakeFiles/main.dir/C_/VSARM/sdk/pico/pico-sdk/src/rp2_common/pico_runtime/runtime.c.obj
 *fill*         0x1000dbce        0x2 
 .rodata.hard_assertion_failure.str1.4
                0x1000dbd0        0xc CMakeFiles/main.dir/C_/VSARM/sdk/pico/pico-sdk/src/rp2_common/pico_runtime/runtime.c.obj
 .rodata._ftoa.str1.4
                0x1000dbdc       0x15 CMakeFiles/main.dir/C_/VSARM/sdk/pico/pico-sdk/src/rp2_common/pico_printf/printf.c.obj
 *fill*         0x1000dbf1        0x3 
 .rodata._vsnprintf
                0x1000dbf4      0x1e0 CMakeFiles/main.dir/C_/VSARM/sdk/pico/pico-sdk/src/rp2_common/pico_printf/printf.c.obj
 *fill*         0x1000ddd4        0x4 
 .rodata.pow10.0
                0x1000ddd8       0x50 CMakeFiles/main.dir/C_/VSARM/sdk/pico/pico-sdk/src/rp2_common/pico_printf/printf.c.obj
 .rodata.__wrap_malloc.str1.4
                0x1000de28        0xe CMakeFiles/main.dir/C_/VSARM/sdk/pico/pico-sdk/src/rp2_common/pico_malloc/pico_malloc.c.obj
 *fill*         0x1000de36        0x2 
 .rodata.str1.4
                0x1000de38       0x3c CMakeFiles/main.dir/C_/VSARM/sdk/pico/pico-sdk/src/rp2_common/pico_standard_link/binary_info.c.obj
 .rodata.__bi_44
                0x1000de74        0xc CMakeFiles/main.dir/C_/VSARM/sdk/pico/pico-sdk/src/rp2_common/pico_standard_link/binary_info.c.obj
 .rodata.__bi_75
                0x1000de80        0xc CMakeFiles/main.dir/C_/VSARM/sdk/pico/pico-sdk/src/rp2_common/pico_standard_link/binary_info.c.obj
 .rodata.__bi_81
                0x1000de8c        0xc CMakeFiles/main.dir/C_/VSARM/sdk/pico/pico-sdk/src/rp2_common/pico_standard_link/binary_info.c.obj
 .rodata.crlf_str.0
                0x1000de98        0x2 CMakeFiles/main.dir/C_/VSARM/sdk/pico/pico-sdk/src/rp2_common/pico_stdio/stdio.c.obj
 *fill*         0x1000de9a        0x2 
 .rodata.str1.4
                0x1000de9c       0x2c CMakeFiles/main.dir/C_/VSARM/sdk/pico/pico-sdk/src/rp2_common/pico_stdio_uart/stdio_uart.c.obj
 .rodata.__bi_28.4
                0x1000dec8        0xc CMakeFiles/main.dir/C_/VSARM/sdk/pico/pico-sdk/src/rp2_common/pico_stdio_uart/stdio_uart.c.obj
 .rodata.__bi_29.5
                0x1000ded4        0x8 CMakeFiles/main.dir/C_/VSARM/sdk/pico/pico-sdk/src/rp2_common/pico_stdio_uart/stdio_uart.c.obj
 .rodata._resetd_driver
                0x1000dedc       0x18 CMakeFiles/main.dir/C_/VSARM/sdk/pico/pico-sdk/src/rp2_common/pico_stdio_usb/reset_interface.c.obj
 .rodata.str1.4
                0x1000def4       0x13 CMakeFiles/main.dir/C_/VSARM/sdk/pico/pico-sdk/src/rp2_common/pico_stdio_usb/stdio_usb.c.obj
 *fill*         0x1000df07        0x1 
 .rodata.__bi_93.0
                0x1000df08        0xc CMakeFiles/main.dir/C_/VSARM/sdk/pico/pico-sdk/src/rp2_common/pico_stdio_usb/stdio_usb.c.obj
 .rodata.str1.4
                0x1000df14       0x2a CMakeFiles/main.dir/C_/VSARM/sdk/pico/pico-sdk/src/rp2_common/pico_stdio_usb/stdio_usb_descriptors.c.obj
 *fill*         0x1000df3e        0x2 
 .rodata.usbd_desc_cfg
                0x1000df40       0x54 CMakeFiles/main.dir/C_/VSARM/sdk/pico/pico-sdk/src/rp2_common/pico_stdio_usb/stdio_usb_descriptors.c.obj
 .rodata.usbd_desc_device
                0x1000df94       0x12 CMakeFiles/main.dir/C_/VSARM/sdk/pico/pico-sdk/src/rp2_common/pico_stdio_usb/stdio_usb_descriptors.c.obj
 *fill*         0x1000dfa6        0x2 
 .rodata.usbd_desc_str
                0x1000dfa8       0x18 CMakeFiles/main.dir/C_/VSARM/sdk/pico/pico-sdk/src/rp2_common/pico_stdio_usb/stdio_usb_descriptors.c.obj
 .rodata.dcd_rp2040_irq.str1.4
                0x1000dfc0       0x14 CMakeFiles/main.dir/C_/VSARM/sdk/pico/pico-sdk/lib/tinyusb/src/portable/raspberrypi/rp2040/dcd_rp2040.c.obj
 .rodata._hw_endpoint_buffer_control_update32.part.0.isra.0.str1.4
                0x1000dfd4       0x1f CMakeFiles/main.dir/C_/VSARM/sdk/pico/pico-sdk/lib/tinyusb/src/portable/raspberrypi/rp2040/rp2040_usb.c.obj
 *fill*         0x1000dff3        0x1 
 .rodata.hw_endpoint_xfer_continue.str1.4
                0x1000dff4       0x29 CMakeFiles/main.dir/C_/VSARM/sdk/pico/pico-sdk/lib/tinyusb/src/portable/raspberrypi/rp2040/rp2040_usb.c.obj
 .rodata.str1.4
                0x1000e01d       0x29 CMakeFiles/main.dir/C_/VSARM/sdk/pico/pico-sdk/lib/tinyusb/src/portable/raspberrypi/rp2040/rp2040_usb.c.obj
                                  0x7 (size before relaxing)
 *fill*         0x1000e01d        0x3 
 .rodata.tud_task
                0x1000e020       0x8c CMakeFiles/main.dir/C_/VSARM/sdk/pico/pico-sdk/lib/tinyusb/src/device/usbd.c.obj
 .rodata._usbd_driver
                0x1000e0ac       0x18 CMakeFiles/main.dir/C_/VSARM/sdk/pico/pico-sdk/lib/tinyusb/src/device/usbd.c.obj
 .rodata.pio_add_program.str1.4
                0x1000e0c4       0x11 CMakeFiles/main.dir/C_/VSARM/sdk/pico/pico-sdk/src/rp2_common/hardware_pio/pio.c.obj
 *fill*         0x1000e0d5        0x3 
 .rodata._global_impure_ptr
                0x1000e0d8        0x4 c:/vsarm/armcc/102021~1.10/bin/../lib/gcc/arm-none-eabi/10.3.1/../../../../arm-none-eabi/lib/thumb/v6-m/nofp\libc.a(lib_a-impure.o)
                0x1000e0d8                _global_impure_ptr
 .rodata._strtod_l.str1.4
                0x1000e0dc        0xf c:/vsarm/armcc/102021~1.10/bin/../lib/gcc/arm-none-eabi/10.3.1/../../../../arm-none-eabi/lib/thumb/v6-m/nofp\libc.a(lib_a-strtod.o)
                                 0x11 (size before relaxing)
 *fill*         0x1000e0eb        0x1 
 .rodata._strtod_l
                0x1000e0ec       0xd0 c:/vsarm/armcc/102021~1.10/bin/../lib/gcc/arm-none-eabi/10.3.1/../../../../arm-none-eabi/lib/thumb/v6-m/nofp\libc.a(lib_a-strtod.o)
 .rodata.fpi.1  0x1000e1bc       0x14 c:/vsarm/armcc/102021~1.10/bin/../lib/gcc/arm-none-eabi/10.3.1/../../../../arm-none-eabi/lib/thumb/v6-m/nofp\libc.a(lib_a-strtod.o)
 .rodata.fpinan.0
                0x1000e1d0       0x14 c:/vsarm/armcc/102021~1.10/bin/../lib/gcc/arm-none-eabi/10.3.1/../../../../arm-none-eabi/lib/thumb/v6-m/nofp\libc.a(lib_a-strtod.o)
 *fill*         0x1000e1e4        0x4 
 .rodata.tinytens
                0x1000e1e8       0x28 c:/vsarm/armcc/102021~1.10/bin/../lib/gcc/arm-none-eabi/10.3.1/../../../../arm-none-eabi/lib/thumb/v6-m/nofp\libc.a(lib_a-strtod.o)
 .rodata.__svfscanf_r.str1.4
                0x1000e210        0x5 c:/vsarm/armcc/102021~1.10/bin/../lib/gcc/arm-none-eabi/10.3.1/../../../../arm-none-eabi/lib/thumb/v6-m/nofp\libc.a(lib_a-vfscanf.o)
                                  0x9 (size before relaxing)
 *fill*         0x1000e215        0x3 
 .rodata.__svfscanf_r
                0x1000e218      0x3cc c:/vsarm/armcc/102021~1.10/bin/../lib/gcc/arm-none-eabi/10.3.1/../../../../arm-none-eabi/lib/thumb/v6-m/nofp\libc.a(lib_a-vfscanf.o)
 .rodata.basefix.0
                0x1000e5e4       0x22 c:/vsarm/armcc/102021~1.10/bin/../lib/gcc/arm-none-eabi/10.3.1/../../../../arm-none-eabi/lib/thumb/v6-m/nofp\libc.a(lib_a-vfscanf.o)
 *fill*         0x1000e606        0x2 
 .rodata._ctype_
                0x1000e608      0x101 c:/vsarm/armcc/102021~1.10/bin/../lib/gcc/arm-none-eabi/10.3.1/../../../../arm-none-eabi/lib/thumb/v6-m/nofp\libc.a(lib_a-ctype_.o)
                0x1000e608                _ctype_
 *fill*         0x1000e709        0x3 
 .rodata.__gethex.str1.4
                0x1000e70c       0x9a c:/vsarm/armcc/102021~1.10/bin/../lib/gcc/arm-none-eabi/10.3.1/../../../../arm-none-eabi/lib/thumb/v6-m/nofp\libc.a(lib_a-gdtoa-gethex.o)
 *fill*         0x1000e7a6        0x2 
 .rodata.__hexdig
                0x1000e7a8      0x100 c:/vsarm/armcc/102021~1.10/bin/../lib/gcc/arm-none-eabi/10.3.1/../../../../arm-none-eabi/lib/thumb/v6-m/nofp\libc.a(lib_a-gdtoa-gethex.o)
                0x1000e7a8                __hexdig
 .rodata.str1.4
                0x1000e8a8        0x2 c:/vsarm/armcc/102021~1.10/bin/../lib/gcc/arm-none-eabi/10.3.1/../../../../arm-none-eabi/lib/thumb/v6-m/nofp\libc.a(lib_a-lnumeric.o)
                                  0x5 (size before relaxing)
 *fill*         0x1000e8aa        0x2 
 .rodata._C_numeric_locale
                0x1000e8ac        0xc c:/vsarm/armcc/102021~1.10/bin/../lib/gcc/arm-none-eabi/10.3.1/../../../../arm-none-eabi/lib/thumb/v6-m/nofp\libc.a(lib_a-lnumeric.o)
                0x1000e8ac                _C_numeric_locale
 .rodata._setlocale_r.str1.4
                0x1000e8b8        0x6 c:/vsarm/armcc/102021~1.10/bin/../lib/gcc/arm-none-eabi/10.3.1/../../../../arm-none-eabi/lib/thumb/v6-m/nofp\libc.a(lib_a-locale.o)
                                  0xd (size before relaxing)
 .rodata.str1.4
                0x1000e8be        0x2 c:/vsarm/armcc/102021~1.10/bin/../lib/gcc/arm-none-eabi/10.3.1/../../../../arm-none-eabi/lib/thumb/v6-m/nofp\libc.a(lib_a-locale.o)
 .rodata._mbrtowc_r.str1.4
                0x1000e8be        0x1 c:/vsarm/armcc/102021~1.10/bin/../lib/gcc/arm-none-eabi/10.3.1/../../../../arm-none-eabi/lib/thumb/v6-m/nofp\libc.a(lib_a-mbrtowc.o)
 *fill*         0x1000e8be        0x2 
 .rodata.__multadd.str1.4
                0x1000e8c0       0x7f c:/vsarm/armcc/102021~1.10/bin/../lib/gcc/arm-none-eabi/10.3.1/../../../../arm-none-eabi/lib/thumb/v6-m/nofp\libc.a(lib_a-mprec.o)
                                 0x93 (size before relaxing)
 *fill*         0x1000e93f        0x1 
 .rodata.__mprec_bigtens
                0x1000e940       0x28 c:/vsarm/armcc/102021~1.10/bin/../lib/gcc/arm-none-eabi/10.3.1/../../../../arm-none-eabi/lib/thumb/v6-m/nofp\libc.a(lib_a-mprec.o)
                0x1000e940                __mprec_bigtens
 .rodata.__mprec_tens
                0x1000e968       0xc8 c:/vsarm/armcc/102021~1.10/bin/../lib/gcc/arm-none-eabi/10.3.1/../../../../arm-none-eabi/lib/thumb/v6-m/nofp\libc.a(lib_a-mprec.o)
                0x1000e968                __mprec_tens
 .rodata.p05.0  0x1000ea30        0xc c:/vsarm/armcc/102021~1.10/bin/../lib/gcc/arm-none-eabi/10.3.1/../../../../arm-none-eabi/lib/thumb/v6-m/nofp\libc.a(lib_a-mprec.o)
                0x1000ea3c                . = ALIGN (0x4)
 *(SORT_BY_ALIGNMENT(SORT_BY_NAME(.flashdata*)))
                0x1000ea3c                . = ALIGN (0x4)

.rel.dyn        0x1000ea3c        0x0
 .rel.iplt      0x1000ea3c        0x0 c:/vsarm/armcc/102021~1.10/bin/../lib/gcc/arm-none-eabi/10.3.1/thumb/v6-m/nofp/crtbegin.o

.ARM.extab
 *(.ARM.extab* .gnu.linkonce.armextab.*)
                0x1000ea3c                __exidx_start = .

.ARM.exidx
 *(.ARM.exidx* .gnu.linkonce.armexidx.*)
                0x1000ea3c                __exidx_end = .
                0x1000ea3c                . = ALIGN (0x4)
                0x1000ea3c                __binary_info_start = .

.binary_info    0x1000ea3c       0x28
 *(.binary_info.keep.*)
 .binary_info.keep.__bi_ptr22
                0x1000ea3c        0x4 CMakeFiles/main.dir/C_/VSARM/sdk/pico/pico-sdk/src/rp2_common/pico_standard_link/binary_info.c.obj
 .binary_info.keep.__bi_ptr30
                0x1000ea40        0x4 CMakeFiles/main.dir/C_/VSARM/sdk/pico/pico-sdk/src/rp2_common/pico_standard_link/binary_info.c.obj
 .binary_info.keep.__bi_ptr38
                0x1000ea44        0x4 CMakeFiles/main.dir/C_/VSARM/sdk/pico/pico-sdk/src/rp2_common/pico_standard_link/binary_info.c.obj
 .binary_info.keep.__bi_ptr44
                0x1000ea48        0x4 CMakeFiles/main.dir/C_/VSARM/sdk/pico/pico-sdk/src/rp2_common/pico_standard_link/binary_info.c.obj
 .binary_info.keep.__bi_ptr50
                0x1000ea4c        0x4 CMakeFiles/main.dir/C_/VSARM/sdk/pico/pico-sdk/src/rp2_common/pico_standard_link/binary_info.c.obj
 .binary_info.keep.__bi_ptr75
                0x1000ea50        0x4 CMakeFiles/main.dir/C_/VSARM/sdk/pico/pico-sdk/src/rp2_common/pico_standard_link/binary_info.c.obj
 .binary_info.keep.__bi_ptr81
                0x1000ea54        0x4 CMakeFiles/main.dir/C_/VSARM/sdk/pico/pico-sdk/src/rp2_common/pico_standard_link/binary_info.c.obj
 *(.binary_info.*)
 .binary_info.__bi_ptr28
                0x1000ea58        0x4 CMakeFiles/main.dir/C_/VSARM/sdk/pico/pico-sdk/src/rp2_common/pico_stdio_uart/stdio_uart.c.obj
 .binary_info.__bi_ptr29
                0x1000ea5c        0x4 CMakeFiles/main.dir/C_/VSARM/sdk/pico/pico-sdk/src/rp2_common/pico_stdio_uart/stdio_uart.c.obj
 .binary_info.__bi_ptr93
                0x1000ea60        0x4 CMakeFiles/main.dir/C_/VSARM/sdk/pico/pico-sdk/src/rp2_common/pico_stdio_usb/stdio_usb.c.obj
                0x1000ea64                __binary_info_end = .
                0x1000ea64                . = ALIGN (0x4)
                0x1000ea64                __etext = .

.ram_vector_table
                0x20000000       0xc0
 *(.ram_vector_table)
 .ram_vector_table
                0x20000000       0xc0 CMakeFiles/main.dir/C_/VSARM/sdk/pico/pico-sdk/src/rp2_common/pico_runtime/runtime.c.obj
                0x20000000                ram_vector_table

.data           0x200000c0      0xe38 load address 0x1000ea64
                0x200000c0                __data_start__ = .
 *(vtable)
 *(.time_critical*)
 .time_critical.mutex_enter_blocking
                0x200000c0       0x48 CMakeFiles/main.dir/C_/VSARM/sdk/pico/pico-sdk/src/common/pico_sync/mutex.c.obj
                0x200000c0                mutex_enter_blocking
 .time_critical.mutex_try_enter
                0x20000108       0x44 CMakeFiles/main.dir/C_/VSARM/sdk/pico/pico-sdk/src/common/pico_sync/mutex.c.obj
                0x20000108                mutex_try_enter
 .time_critical.mutex_enter_timeout_ms
                0x2000014c       0xa0 CMakeFiles/main.dir/C_/VSARM/sdk/pico/pico-sdk/src/common/pico_sync/mutex.c.obj
                0x2000014c                mutex_enter_timeout_ms
 .time_critical.mutex_exit
                0x200001ec       0x28 CMakeFiles/main.dir/C_/VSARM/sdk/pico/pico-sdk/src/common/pico_sync/mutex.c.obj
                0x200001ec                mutex_exit
 .time_critical.flash_init_boot2_copyout
                0x20000214       0x30 CMakeFiles/main.dir/C_/VSARM/sdk/pico/pico-sdk/src/rp2_common/hardware_flash/flash.c.obj
 .time_critical.flash_enable_xip_via_boot2
                0x20000244       0x10 CMakeFiles/main.dir/C_/VSARM/sdk/pico/pico-sdk/src/rp2_common/hardware_flash/flash.c.obj
 .time_critical.flash_cs_force
                0x20000254       0x38 CMakeFiles/main.dir/C_/VSARM/sdk/pico/pico-sdk/src/rp2_common/hardware_flash/flash.c.obj
 .time_critical.flash_do_cmd
                0x2000028c       0xc4 CMakeFiles/main.dir/C_/VSARM/sdk/pico/pico-sdk/src/rp2_common/hardware_flash/flash.c.obj
                0x2000028c                flash_do_cmd
 *(.text*)
 .text          0x20000350        0x4 c:/vsarm/armcc/102021~1.10/bin/../lib/gcc/arm-none-eabi/10.3.1/thumb/v6-m/nofp\libgcc.a(_dvmd_tls.o)
                0x20000350                __aeabi_idiv0
                0x20000350                __aeabi_ldiv0
 .text.memmove  0x20000354       0xac c:/vsarm/armcc/102021~1.10/bin/../lib/gcc/arm-none-eabi/10.3.1/../../../../arm-none-eabi/lib/thumb/v6-m/nofp\libc.a(lib_a-memmove.o)
                0x20000354                memmove
 .text.memmove.__stub
                0x20000400       0x30 linker stubs
                0x20000430                . = ALIGN (0x4)
 *(.rodata*)
                0x20000430                . = ALIGN (0x4)
 *(.data*)
 .data.pio      0x20000430        0x4 CMakeFiles/main.dir/main.c.obj
                0x20000430                pio
 .data.striped_spin_lock_num
                0x20000434        0x1 CMakeFiles/main.dir/C_/VSARM/sdk/pico/pico-sdk/src/rp2_common/hardware_sync/sync.c.obj
 *fill*         0x20000435        0x3 
 .data.default_alarm_pool
                0x20000438       0x18 CMakeFiles/main.dir/C_/VSARM/sdk/pico/pico-sdk/src/common/pico_time/time.c.obj